Flow report for de2_115_setup
Sun Aug 30 10:55:01 2026
Quartus Prime Version 25.1std.0 Build 1129 10/21/2025 SC Lite Edition


---------------------
; Table of Contents ;
---------------------
  1. Legal Notice
  2. Flow Summary
  3. Flow Settings
  4. Flow Non-Default Global Settings
  5. Flow Elapsed Time
  6. Flow OS Summary
  7. Flow Log
  8. Flow Messages
  9. Flow Suppressed Messages



----------------
; Legal Notice ;
----------------
Copyright (C) 2025  Altera Corporation. All rights reserved.
Your use of Altera Corporation's design tools, logic functions 
and other software and tools, and any partner logic 
functions, and any output files from any of the foregoing 
(including device programming or simulation files), and any 
associated documentation or information are expressly subject 
to the terms and conditions of the Altera Program License 
Subscription Agreement, the Altera Quartus Prime License Agreement,
the Altera IP License Agreement, or other applicable license
agreement, including, without limitation, that your use is for
the sole purpose of programming logic devices manufactured by
Altera and sold by Altera or its authorized distributors.  Please
refer to the Altera Software License Subscription Agreements 
on the Quartus Prime software download page.



+--------------------------------------------------------------------------------------+
; Flow Summary                                                                         ;
+------------------------------------+-------------------------------------------------+
; Flow Status                        ; Successful - Sun Aug 30 10:55:01 2026           ;
; Quartus Prime Version              ; 25.1std.0 Build 1129 10/21/2025 SC Lite Edition ;
; Revision Name                      ; de2_115_setup                                   ;
; Top-level Entity Name              ; de2115_fiveTuple_top                            ;
; Family                             ; Cyclone IV E                                    ;
; Device                             ; EP4CE115F29C7                                   ;
; Timing Models                      ; Final                                           ;
; Total logic elements               ; 16,939 / 114,480 ( 15 % )                       ;
;     Total combinational functions  ; 16,039 / 114,480 ( 14 % )                       ;
;     Dedicated logic registers      ; 3,708 / 114,480 ( 3 % )                         ;
; Total registers                    ; 3708                                            ;
; Total pins                         ; 2 / 529 ( < 1 % )                               ;
; Total virtual pins                 ; 0                                               ;
; Total memory bits                  ; 269,824 / 3,981,312 ( 7 % )                     ;
; Embedded Multiplier 9-bit elements ; 0 / 532 ( 0 % )                                 ;
; Total PLLs                         ; 0 / 4 ( 0 % )                                   ;
+------------------------------------+-------------------------------------------------+


+-----------------------------------------+
; Flow Settings                           ;
+-------------------+---------------------+
; Option            ; Setting             ;
+-------------------+---------------------+
; Start date & time ; 08/30/2026 10:52:10 ;
; Main task         ; Compilation         ;
; Revision Name     ; de2_115_setup       ;
+-------------------+---------------------+


+----------------------------------------------------------------------------------------------------------------------------------------------------------------------------------------------------+
; Flow Non-Default Global Settings                                                                                                                                                                   ;
+-------------------------------------+------------------------------------------------------------------------------+---------------+---------------------------+-----------------------------------+
; Assignment Name                     ; Value                                                                        ; Default Value ; Entity Name               ; Section Id                        ;
+-------------------------------------+------------------------------------------------------------------------------+---------------+---------------------------+-----------------------------------+
; COMPILER_SIGNATURE_ID               ; 40350041432727.178806733001061                                               ; --            ; --                        ; --                                ;
; EDA_GENERATE_FUNCTIONAL_NETLIST     ; Off                                                                          ; --            ; --                        ; eda_board_design_timing           ;
; EDA_GENERATE_FUNCTIONAL_NETLIST     ; Off                                                                          ; --            ; --                        ; eda_board_design_boundary_scan    ;
; EDA_GENERATE_FUNCTIONAL_NETLIST     ; Off                                                                          ; --            ; --                        ; eda_board_design_signal_integrity ;
; EDA_GENERATE_FUNCTIONAL_NETLIST     ; Off                                                                          ; --            ; --                        ; eda_board_design_symbol           ;
; EDA_OUTPUT_DATA_FORMAT              ; Verilog Hdl                                                                  ; --            ; --                        ; eda_simulation                    ;
; EDA_SIMULATION_TOOL                 ; Questa Altera FPGA (Verilog)                                                 ; <None>        ; --                        ; --                                ;
; EDA_TIME_SCALE                      ; 1 ps                                                                         ; --            ; --                        ; eda_simulation                    ;
; MAX_CORE_JUNCTION_TEMP              ; 85                                                                           ; --            ; --                        ; --                                ;
; MIN_CORE_JUNCTION_TEMP              ; 0                                                                            ; --            ; --                        ; --                                ;
; MISC_FILE                           ; jtag_to_avalon_mst_brg_01/synthesis/../jtag_to_avalon_mst_brg_01.cmp         ; --            ; --                        ; --                                ;
; MISC_FILE                           ; jtag_to_avalon_mst_brg_01/synthesis/../../jtag_to_avalon_mst_brg_01.qsys     ; --            ; --                        ; --                                ;
; NOMINAL_CORE_SUPPLY_VOLTAGE         ; 1.2V                                                                         ; --            ; --                        ; --                                ;
; PARTITION_COLOR                     ; -- (Not supported for targeted family)                                       ; --            ; de2115_fiveTuple_top      ; Top                               ;
; PARTITION_FITTER_PRESERVATION_LEVEL ; -- (Not supported for targeted family)                                       ; --            ; de2115_fiveTuple_top      ; Top                               ;
; PARTITION_NETLIST_TYPE              ; -- (Not supported for targeted family)                                       ; --            ; de2115_fiveTuple_top      ; Top                               ;
; POWER_BOARD_THERMAL_MODEL           ; None (CONSERVATIVE)                                                          ; --            ; --                        ; --                                ;
; POWER_PRESET_COOLING_SOLUTION       ; 23 MM HEAT SINK WITH 200 LFPM AIRFLOW                                        ; --            ; --                        ; --                                ;
; PROJECT_OUTPUT_DIRECTORY            ; output_files                                                                 ; --            ; --                        ; --                                ;
; SLD_FILE                            ; jtag_to_avalon_mst_brg_01/synthesis/jtag_to_avalon_mst_brg_01.debuginfo      ; --            ; --                        ; --                                ;
; SLD_INFO                            ; QSYS_NAME jtag_to_avalon_mst_brg_01 HAS_SOPCINFO 1 GENERATION_ID 1787744721  ; --            ; jtag_to_avalon_mst_brg_01 ; --                                ;
; SOPCINFO_FILE                       ; jtag_to_avalon_mst_brg_01/synthesis/../../jtag_to_avalon_mst_brg_01.sopcinfo ; --            ; --                        ; --                                ;
; SYNTHESIS_ONLY_QIP                  ; On                                                                           ; --            ; --                        ; --                                ;
; TOP_LEVEL_ENTITY                    ; de2115_fiveTuple_top                                                         ; de2_115_setup ; --                        ; --                                ;
+-------------------------------------+------------------------------------------------------------------------------+---------------+---------------------------+-----------------------------------+


+--------------------------------------------------------------------------------------------------------------------------+
; Flow Elapsed Time                                                                                                        ;
+----------------------+--------------+-------------------------+---------------------+------------------------------------+
; Module Name          ; Elapsed Time ; Average Processors Used ; Peak Virtual Memory ; Total CPU Time (on all processors) ;
+----------------------+--------------+-------------------------+---------------------+------------------------------------+
; Analysis & Synthesis ; 00:01:41     ; 1.0                     ; 851 MB              ; 00:02:13                           ;
; Fitter               ; 00:00:50     ; 1.2                     ; 1871 MB             ; 00:01:42                           ;
; Assembler            ; 00:00:03     ; 1.0                     ; 429 MB              ; 00:00:03                           ;
; Timing Analyzer      ; 00:00:05     ; 1.8                     ; 839 MB              ; 00:00:07                           ;
; EDA Netlist Writer   ; 00:00:04     ; 1.0                     ; 673 MB              ; 00:00:03                           ;
; Total                ; 00:02:43     ; --                      ; --                  ; 00:04:08                           ;
+----------------------+--------------+-------------------------+---------------------+------------------------------------+


+-----------------------------------------------------------------------------------+
; Flow OS Summary                                                                   ;
+----------------------+--------------------+---------+------------+----------------+
; Module Name          ; Machine Hostname   ; OS Name ; OS Version ; Processor type ;
+----------------------+--------------------+---------+------------+----------------+
; Analysis & Synthesis ; nisitha-LOQ-15IRX9 ; Ubuntu  ; 22         ; x86_64         ;
; Fitter               ; nisitha-LOQ-15IRX9 ; Ubuntu  ; 22         ; x86_64         ;
; Assembler            ; nisitha-LOQ-15IRX9 ; Ubuntu  ; 22         ; x86_64         ;
; Timing Analyzer      ; nisitha-LOQ-15IRX9 ; Ubuntu  ; 22         ; x86_64         ;
; EDA Netlist Writer   ; nisitha-LOQ-15IRX9 ; Ubuntu  ; 22         ; x86_64         ;
+----------------------+--------------------+---------+------------+----------------+


------------
; Flow Log ;
------------
quartus_map --read_settings_files=on --write_settings_files=off de2_115_setup -c de2_115_setup
quartus_fit --read_settings_files=off --write_settings_files=off de2_115_setup -c de2_115_setup
quartus_asm --read_settings_files=off --write_settings_files=off de2_115_setup -c de2_115_setup
quartus_sta de2_115_setup -c de2_115_setup
quartus_eda --read_settings_files=off --write_settings_files=off de2_115_setup -c de2_115_setup



