Analysis & Synthesis report for de2_115_setup
Wed Aug 26 18:18:04 2026
Quartus Prime Version 25.1std.0 Build 1129 10/21/2025 SC Lite Edition


---------------------
; Table of Contents ;
---------------------
  1. Legal Notice
  2. Analysis & Synthesis Summary
  3. Analysis & Synthesis Settings
  4. Parallel Compilation
  5. Analysis & Synthesis IP Cores Summary
  6. Analysis & Synthesis Messages
  7. Analysis & Synthesis Suppressed Messages



----------------
; Legal Notice ;
----------------
Copyright (C) 2025  Altera Corporation. All rights reserved.
Your use of Altera Corporation's design tools, logic functions 
and other software and tools, and any partner logic 
functions, and any output files from any of the foregoing 
(including device programming or simulation files), and any 
associated documentation or information are expressly subject 
to the terms and conditions of the Altera Program License 
Subscription Agreement, the Altera Quartus Prime License Agreement,
the Altera IP License Agreement, or other applicable license
agreement, including, without limitation, that your use is for
the sole purpose of programming logic devices manufactured by
Altera and sold by Altera or its authorized distributors.  Please
refer to the Altera Software License Subscription Agreements 
on the Quartus Prime software download page.



+--------------------------------------------------------------------------------------+
; Analysis & Synthesis Summary                                                         ;
+------------------------------------+-------------------------------------------------+
; Analysis & Synthesis Status        ; Failed - Wed Aug 26 18:18:04 2026               ;
; Quartus Prime Version              ; 25.1std.0 Build 1129 10/21/2025 SC Lite Edition ;
; Revision Name                      ; de2_115_setup                                   ;
; Top-level Entity Name              ; de2115_fiveTuple_top                            ;
; Family                             ; Cyclone IV E                                    ;
; Total logic elements               ; N/A until Partition Merge                       ;
;     Total combinational functions  ; N/A until Partition Merge                       ;
;     Dedicated logic registers      ; N/A until Partition Merge                       ;
; Total registers                    ; N/A until Partition Merge                       ;
; Total pins                         ; N/A until Partition Merge                       ;
; Total virtual pins                 ; N/A until Partition Merge                       ;
; Total memory bits                  ; N/A until Partition Merge                       ;
; Embedded Multiplier 9-bit elements ; N/A until Partition Merge                       ;
; Total PLLs                         ; N/A until Partition Merge                       ;
+------------------------------------+-------------------------------------------------+


+--------------------------------------------------------------------------------------------------------------+
; Analysis & Synthesis Settings                                                                                ;
+------------------------------------------------------------------+----------------------+--------------------+
; Option                                                           ; Setting              ; Default Value      ;
+------------------------------------------------------------------+----------------------+--------------------+
; Device                                                           ; EP4CE115F29C7        ;                    ;
; Top-level entity name                                            ; de2115_fiveTuple_top ; de2_115_setup      ;
; Family name                                                      ; Cyclone IV E         ; Cyclone V          ;
; Use smart compilation                                            ; Off                  ; Off                ;
; Enable parallel Assembler and Timing Analyzer during compilation ; On                   ; On                 ;
; Enable compact report table                                      ; Off                  ; Off                ;
; Restructure Multiplexers                                         ; Auto                 ; Auto               ;
; Create Debugging Nodes for IP Cores                              ; Off                  ; Off                ;
; Preserve fewer node names                                        ; On                   ; On                 ;
; Intel FPGA IP Evaluation Mode                                    ; Enable               ; Enable             ;
; Verilog Version                                                  ; Verilog_2001         ; Verilog_2001       ;
; VHDL Version                                                     ; VHDL_1993            ; VHDL_1993          ;
; State Machine Processing                                         ; Auto                 ; Auto               ;
; Safe State Machine                                               ; Off                  ; Off                ;
; Extract Verilog State Machines                                   ; On                   ; On                 ;
; Extract VHDL State Machines                                      ; On                   ; On                 ;
; Ignore Verilog initial constructs                                ; Off                  ; Off                ;
; Iteration limit for constant Verilog loops                       ; 5000                 ; 5000               ;
; Iteration limit for non-constant Verilog loops                   ; 250                  ; 250                ;
; Add Pass-Through Logic to Inferred RAMs                          ; On                   ; On                 ;
; Infer RAMs from Raw Logic                                        ; On                   ; On                 ;
; Parallel Synthesis                                               ; On                   ; On                 ;
; DSP Block Balancing                                              ; Auto                 ; Auto               ;
; NOT Gate Push-Back                                               ; On                   ; On                 ;
; Power-Up Don't Care                                              ; On                   ; On                 ;
; Remove Redundant Logic Cells                                     ; Off                  ; Off                ;
; Remove Duplicate Registers                                       ; On                   ; On                 ;
; Ignore CARRY Buffers                                             ; Off                  ; Off                ;
; Ignore CASCADE Buffers                                           ; Off                  ; Off                ;
; Ignore GLOBAL Buffers                                            ; Off                  ; Off                ;
; Ignore ROW GLOBAL Buffers                                        ; Off                  ; Off                ;
; Ignore LCELL Buffers                                             ; Off                  ; Off                ;
; Ignore SOFT Buffers                                              ; On                   ; On                 ;
; Limit AHDL Integers to 32 Bits                                   ; Off                  ; Off                ;
; Optimization Technique                                           ; Balanced             ; Balanced           ;
; Carry Chain Length                                               ; 70                   ; 70                 ;
; Auto Carry Chains                                                ; On                   ; On                 ;
; Auto Open-Drain Pins                                             ; On                   ; On                 ;
; Perform WYSIWYG Primitive Resynthesis                            ; Off                  ; Off                ;
; Auto ROM Replacement                                             ; On                   ; On                 ;
; Auto RAM Replacement                                             ; On                   ; On                 ;
; Auto DSP Block Replacement                                       ; On                   ; On                 ;
; Auto Shift Register Replacement                                  ; Auto                 ; Auto               ;
; Allow Shift Register Merging across Hierarchies                  ; Auto                 ; Auto               ;
; Auto Clock Enable Replacement                                    ; On                   ; On                 ;
; Strict RAM Replacement                                           ; Off                  ; Off                ;
; Allow Synchronous Control Signals                                ; On                   ; On                 ;
; Force Use of Synchronous Clear Signals                           ; Off                  ; Off                ;
; Auto RAM Block Balancing                                         ; On                   ; On                 ;
; Auto RAM to Logic Cell Conversion                                ; Off                  ; Off                ;
; Auto Resource Sharing                                            ; Off                  ; Off                ;
; Allow Any RAM Size For Recognition                               ; Off                  ; Off                ;
; Allow Any ROM Size For Recognition                               ; Off                  ; Off                ;
; Allow Any Shift Register Size For Recognition                    ; Off                  ; Off                ;
; Use LogicLock Constraints during Resource Balancing              ; On                   ; On                 ;
; Ignore translate_off and synthesis_off directives                ; Off                  ; Off                ;
; Timing-Driven Synthesis                                          ; On                   ; On                 ;
; Report Parameter Settings                                        ; On                   ; On                 ;
; Report Source Assignments                                        ; On                   ; On                 ;
; Report Connectivity Checks                                       ; On                   ; On                 ;
; Ignore Maximum Fan-Out Assignments                               ; Off                  ; Off                ;
; Synchronization Register Chain Length                            ; 2                    ; 2                  ;
; Power Optimization During Synthesis                              ; Normal compilation   ; Normal compilation ;
; HDL message level                                                ; Level2               ; Level2             ;
; Suppress Register Optimization Related Messages                  ; Off                  ; Off                ;
; Number of Removed Registers Reported in Synthesis Report         ; 5000                 ; 5000               ;
; Number of Swept Nodes Reported in Synthesis Report               ; 5000                 ; 5000               ;
; Number of Inverted Registers Reported in Synthesis Report        ; 100                  ; 100                ;
; Clock MUX Protection                                             ; On                   ; On                 ;
; Auto Gated Clock Conversion                                      ; Off                  ; Off                ;
; Block Design Naming                                              ; Auto                 ; Auto               ;
; SDC constraint protection                                        ; Off                  ; Off                ;
; Synthesis Effort                                                 ; Auto                 ; Auto               ;
; Shift Register Replacement - Allow Asynchronous Clear Signal     ; On                   ; On                 ;
; Pre-Mapping Resynthesis Optimization                             ; Off                  ; Off                ;
; Analysis & Synthesis Message Level                               ; Medium               ; Medium             ;
; Disable Register Merging Across Hierarchies                      ; Auto                 ; Auto               ;
; Resource Aware Inference For Block RAM                           ; On                   ; On                 ;
+------------------------------------------------------------------+----------------------+--------------------+


+------------------------------------------+
; Parallel Compilation                     ;
+----------------------------+-------------+
; Processors                 ; Number      ;
+----------------------------+-------------+
; Number detected on machine ; 16          ;
; Maximum allowed            ; 10          ;
;                            ;             ;
; Average used               ; 1.00        ;
; Maximum used               ; 1           ;
;                            ;             ;
; Usage by Processor         ; % Time Used ;
;     Processor 1            ; 100.0%      ;
+----------------------------+-------------+


+---------------------------------------------------------------------------------------------------------------------------------------------------------------------------------------------------------------------------------------------------------------------------------------+
; Analysis & Synthesis IP Cores Summary                                                                                                                                                                                                                                                 ;
+--------+--------------------------+---------+--------------+--------------+--------------------------------------------------------------------------------------------------------------------------------------------------------------------------+--------------------------------+
; Vendor ; IP Core Name             ; Version ; Release Date ; License Type ; Entity Instance                                                                                                                                                          ; IP Include File                ;
+--------+--------------------------+---------+--------------+--------------+--------------------------------------------------------------------------------------------------------------------------------------------------------------------------+--------------------------------+
; Altera ; channel_adapter          ; 25.1    ; N/A          ; N/A          ; |de2115_fiveTuple_top|jtag_to_avalon_mst_brg_01:u_jtag_avmm|jtag_to_avalon_mst_brg_01_master_0:master_0|jtag_to_avalon_mst_brg_01_master_0_b2p_adapter:b2p_adapter       ; jtag_to_avalon_mst_brg_01.qsys ;
; Altera ; altera_avalon_sc_fifo    ; 25.1    ; N/A          ; N/A          ; |de2115_fiveTuple_top|jtag_to_avalon_mst_brg_01:u_jtag_avmm|jtag_to_avalon_mst_brg_01_master_0:master_0|altera_avalon_sc_fifo:fifo                                       ; jtag_to_avalon_mst_brg_01.qsys ;
; Altera ; altera_jtag_dc_streaming ; 25.1    ; N/A          ; N/A          ; |de2115_fiveTuple_top|jtag_to_avalon_mst_brg_01:u_jtag_avmm|jtag_to_avalon_mst_brg_01_master_0:master_0|altera_avalon_st_jtag_interface:jtag_phy_embedded_in_jtag_master ; jtag_to_avalon_mst_brg_01.qsys ;
; Altera ; channel_adapter          ; 25.1    ; N/A          ; N/A          ; |de2115_fiveTuple_top|jtag_to_avalon_mst_brg_01:u_jtag_avmm|jtag_to_avalon_mst_brg_01_master_0:master_0|jtag_to_avalon_mst_brg_01_master_0_p2b_adapter:p2b_adapter       ; jtag_to_avalon_mst_brg_01.qsys ;
; Altera ; altera_reset_controller  ; 25.1    ; N/A          ; N/A          ; |de2115_fiveTuple_top|jtag_to_avalon_mst_brg_01:u_jtag_avmm|jtag_to_avalon_mst_brg_01_master_0:master_0|altera_reset_controller:rst_controller                           ; jtag_to_avalon_mst_brg_01.qsys ;
; Altera ; timing_adapter           ; 25.1    ; N/A          ; N/A          ; |de2115_fiveTuple_top|jtag_to_avalon_mst_brg_01:u_jtag_avmm|jtag_to_avalon_mst_brg_01_master_0:master_0|jtag_to_avalon_mst_brg_01_master_0_timing_adt:timing_adt         ; jtag_to_avalon_mst_brg_01.qsys ;
+--------+--------------------------+---------+--------------+--------------+--------------------------------------------------------------------------------------------------------------------------------------------------------------------------+--------------------------------+


+-------------------------------+
; Analysis & Synthesis Messages ;
+-------------------------------+
Info: *******************************************************************
Info: Running Quartus Prime Analysis & Synthesis
    Info: Version 25.1std.0 Build 1129 10/21/2025 SC Lite Edition
    Info: Processing started: Wed Aug 26 18:16:13 2026
Info: Command: quartus_map --read_settings_files=on --write_settings_files=off de2_115_setup -c de2_115_setup
Warning (18236): Number of processors has not been specified which may cause overloading on shared machines.  Set the global assignment NUM_PARALLEL_PROCESSORS in your QSF to an appropriate value for best performance.
Info (20030): Parallel compilation is enabled and will use 10 of the 10 processors detected
Info (12248): Elaborating Platform Designer system entity "jtag_to_avalon_mst_brg_01.qsys"
Info (12250): 2026.08.26.18:16:19 Progress: Loading de2_115_setup/jtag_to_avalon_mst_brg_01.qsys
Info (12250): 2026.08.26.18:16:19 Progress: Reading input file
Info (12250): 2026.08.26.18:16:19 Progress: Adding master_0 [altera_jtag_avalon_master 25.1]
Info (12250): 2026.08.26.18:16:19 Progress: Parameterizing module master_0
Info (12250): 2026.08.26.18:16:19 Progress: Building connections
Info (12250): 2026.08.26.18:16:19 Progress: Parameterizing connections
Info (12250): 2026.08.26.18:16:19 Progress: Validating
Info (12250): 2026.08.26.18:16:20 Progress: Done reading input file
Info (12250): Jtag_to_avalon_mst_brg_01: Generating "jtag_to_avalon_mst_brg_01" for QUARTUS_SYNTH
Info (12250): Master_0: "jtag_to_avalon_mst_brg_01" instantiated altera_jtag_avalon_master "master_0"
Info (12250): Jtag_phy_embedded_in_jtag_master: "master_0" instantiated altera_jtag_dc_streaming "jtag_phy_embedded_in_jtag_master"
Info (12250): Timing_adt: "master_0" instantiated timing_adapter "timing_adt"
Info (12250): Fifo: "master_0" instantiated altera_avalon_sc_fifo "fifo"
Info (12250): B2p: "master_0" instantiated altera_avalon_st_bytes_to_packets "b2p"
Info (12250): P2b: "master_0" instantiated altera_avalon_st_packets_to_bytes "p2b"
Info (12250): Transacto: "master_0" instantiated altera_avalon_packets_to_master "transacto"
Info (12250): B2p_adapter: "master_0" instantiated channel_adapter "b2p_adapter"
Info (12250): P2b_adapter: "master_0" instantiated channel_adapter "p2b_adapter"
Info (12250): Rst_controller: "master_0" instantiated altera_reset_controller "rst_controller"
Info (12250): Jtag_to_avalon_mst_brg_01: Done "jtag_to_avalon_mst_brg_01" with 11 modules, 23 files
Info (12249): Finished elaborating Platform Designer system entity "jtag_to_avalon_mst_brg_01.qsys"
Info (12021): Found 1 design units, including 1 entities, in source file jtag_to_avalon_mst_brg_01/synthesis/jtag_to_avalon_mst_brg_01.v
    Info (12023): Found entity 1: jtag_to_avalon_mst_brg_01 File: /media/nisitha/My_Passport/MOODLE/P4_Networking/Compiler_design/quartus_setup/de2_115_setup/jtag_to_avalon_mst_brg_01/synthesis/jtag_to_avalon_mst_brg_01.v Line: 6
Info (12021): Found 1 design units, including 1 entities, in source file jtag_to_avalon_mst_brg_01/synthesis/jtag_to_avalon_mst_brg_01.v
    Info (12023): Found entity 1: jtag_to_avalon_mst_brg_01 File: /media/nisitha/My_Passport/MOODLE/P4_Networking/Compiler_design/quartus_setup/de2_115_setup/jtag_to_avalon_mst_brg_01/synthesis/jtag_to_avalon_mst_brg_01.v Line: 6
Info (12021): Found 1 design units, including 1 entities, in source file jtag_to_avalon_mst_brg_01/synthesis/submodules/jtag_to_avalon_mst_brg_01_master_0.v
    Info (12023): Found entity 1: jtag_to_avalon_mst_brg_01_master_0 File: /media/nisitha/My_Passport/MOODLE/P4_Networking/Compiler_design/quartus_setup/de2_115_setup/jtag_to_avalon_mst_brg_01/synthesis/submodules/jtag_to_avalon_mst_brg_01_master_0.v Line: 9
Info (12021): Found 1 design units, including 1 entities, in source file jtag_to_avalon_mst_brg_01/synthesis/submodules/altera_reset_controller.v
    Info (12023): Found entity 1: altera_reset_controller File: /media/nisitha/My_Passport/MOODLE/P4_Networking/Compiler_design/quartus_setup/de2_115_setup/jtag_to_avalon_mst_brg_01/synthesis/submodules/altera_reset_controller.v Line: 42
Info (12021): Found 1 design units, including 1 entities, in source file jtag_to_avalon_mst_brg_01/synthesis/submodules/altera_reset_synchronizer.v
    Info (12023): Found entity 1: altera_reset_synchronizer File: /media/nisitha/My_Passport/MOODLE/P4_Networking/Compiler_design/quartus_setup/de2_115_setup/jtag_to_avalon_mst_brg_01/synthesis/submodules/altera_reset_synchronizer.v Line: 24
Info (12021): Found 1 design units, including 1 entities, in source file jtag_to_avalon_mst_brg_01/synthesis/submodules/jtag_to_avalon_mst_brg_01_master_0_p2b_adapter.sv
    Info (12023): Found entity 1: jtag_to_avalon_mst_brg_01_master_0_p2b_adapter File: /media/nisitha/My_Passport/MOODLE/P4_Networking/Compiler_design/quartus_setup/de2_115_setup/jtag_to_avalon_mst_brg_01/synthesis/submodules/jtag_to_avalon_mst_brg_01_master_0_p2b_adapter.sv Line: 55
Info (12021): Found 1 design units, including 1 entities, in source file jtag_to_avalon_mst_brg_01/synthesis/submodules/jtag_to_avalon_mst_brg_01_master_0_b2p_adapter.sv
    Info (12023): Found entity 1: jtag_to_avalon_mst_brg_01_master_0_b2p_adapter File: /media/nisitha/My_Passport/MOODLE/P4_Networking/Compiler_design/quartus_setup/de2_115_setup/jtag_to_avalon_mst_brg_01/synthesis/submodules/jtag_to_avalon_mst_brg_01_master_0_b2p_adapter.sv Line: 55
Info (12021): Found 7 design units, including 7 entities, in source file jtag_to_avalon_mst_brg_01/synthesis/submodules/altera_avalon_packets_to_master.v
    Info (12023): Found entity 1: altera_avalon_packets_to_master File: /media/nisitha/My_Passport/MOODLE/P4_Networking/Compiler_design/quartus_setup/de2_115_setup/jtag_to_avalon_mst_brg_01/synthesis/submodules/altera_avalon_packets_to_master.v Line: 22
    Info (12023): Found entity 2: packets_to_fifo File: /media/nisitha/My_Passport/MOODLE/P4_Networking/Compiler_design/quartus_setup/de2_115_setup/jtag_to_avalon_mst_brg_01/synthesis/submodules/altera_avalon_packets_to_master.v Line: 142
    Info (12023): Found entity 3: fifo_buffer_single_clock_fifo File: /media/nisitha/My_Passport/MOODLE/P4_Networking/Compiler_design/quartus_setup/de2_115_setup/jtag_to_avalon_mst_brg_01/synthesis/submodules/altera_avalon_packets_to_master.v Line: 512
    Info (12023): Found entity 4: fifo_buffer_scfifo_with_controls File: /media/nisitha/My_Passport/MOODLE/P4_Networking/Compiler_design/quartus_setup/de2_115_setup/jtag_to_avalon_mst_brg_01/synthesis/submodules/altera_avalon_packets_to_master.v Line: 573
    Info (12023): Found entity 5: fifo_buffer File: /media/nisitha/My_Passport/MOODLE/P4_Networking/Compiler_design/quartus_setup/de2_115_setup/jtag_to_avalon_mst_brg_01/synthesis/submodules/altera_avalon_packets_to_master.v Line: 627
    Info (12023): Found entity 6: fifo_to_packet File: /media/nisitha/My_Passport/MOODLE/P4_Networking/Compiler_design/quartus_setup/de2_115_setup/jtag_to_avalon_mst_brg_01/synthesis/submodules/altera_avalon_packets_to_master.v Line: 697
    Info (12023): Found entity 7: packets_to_master File: /media/nisitha/My_Passport/MOODLE/P4_Networking/Compiler_design/quartus_setup/de2_115_setup/jtag_to_avalon_mst_brg_01/synthesis/submodules/altera_avalon_packets_to_master.v Line: 851
Info (12021): Found 1 design units, including 1 entities, in source file jtag_to_avalon_mst_brg_01/synthesis/submodules/altera_avalon_st_packets_to_bytes.v
    Info (12023): Found entity 1: altera_avalon_st_packets_to_bytes File: /media/nisitha/My_Passport/MOODLE/P4_Networking/Compiler_design/quartus_setup/de2_115_setup/jtag_to_avalon_mst_brg_01/synthesis/submodules/altera_avalon_st_packets_to_bytes.v Line: 19
Info (12021): Found 1 design units, including 1 entities, in source file jtag_to_avalon_mst_brg_01/synthesis/submodules/altera_avalon_st_bytes_to_packets.v
    Info (12023): Found entity 1: altera_avalon_st_bytes_to_packets File: /media/nisitha/My_Passport/MOODLE/P4_Networking/Compiler_design/quartus_setup/de2_115_setup/jtag_to_avalon_mst_brg_01/synthesis/submodules/altera_avalon_st_bytes_to_packets.v Line: 19
Info (12021): Found 1 design units, including 1 entities, in source file jtag_to_avalon_mst_brg_01/synthesis/submodules/altera_avalon_sc_fifo.v
    Info (12023): Found entity 1: altera_avalon_sc_fifo File: /media/nisitha/My_Passport/MOODLE/P4_Networking/Compiler_design/quartus_setup/de2_115_setup/jtag_to_avalon_mst_brg_01/synthesis/submodules/altera_avalon_sc_fifo.v Line: 21
Info (12021): Found 1 design units, including 1 entities, in source file jtag_to_avalon_mst_brg_01/synthesis/submodules/jtag_to_avalon_mst_brg_01_master_0_timing_adt.sv
    Info (12023): Found entity 1: jtag_to_avalon_mst_brg_01_master_0_timing_adt File: /media/nisitha/My_Passport/MOODLE/P4_Networking/Compiler_design/quartus_setup/de2_115_setup/jtag_to_avalon_mst_brg_01/synthesis/submodules/jtag_to_avalon_mst_brg_01_master_0_timing_adt.sv Line: 60
Info (12021): Found 1 design units, including 1 entities, in source file jtag_to_avalon_mst_brg_01/synthesis/submodules/altera_avalon_st_jtag_interface.v
    Info (12023): Found entity 1: altera_avalon_st_jtag_interface File: /media/nisitha/My_Passport/MOODLE/P4_Networking/Compiler_design/quartus_setup/de2_115_setup/jtag_to_avalon_mst_brg_01/synthesis/submodules/altera_avalon_st_jtag_interface.v Line: 20
Info (12021): Found 3 design units, including 3 entities, in source file jtag_to_avalon_mst_brg_01/synthesis/submodules/altera_jtag_dc_streaming.v
    Info (12023): Found entity 1: altera_jtag_control_signal_crosser File: /media/nisitha/My_Passport/MOODLE/P4_Networking/Compiler_design/quartus_setup/de2_115_setup/jtag_to_avalon_mst_brg_01/synthesis/submodules/altera_jtag_dc_streaming.v Line: 30
    Info (12023): Found entity 2: altera_jtag_src_crosser File: /media/nisitha/My_Passport/MOODLE/P4_Networking/Compiler_design/quartus_setup/de2_115_setup/jtag_to_avalon_mst_brg_01/synthesis/submodules/altera_jtag_dc_streaming.v Line: 72
    Info (12023): Found entity 3: altera_jtag_dc_streaming File: /media/nisitha/My_Passport/MOODLE/P4_Networking/Compiler_design/quartus_setup/de2_115_setup/jtag_to_avalon_mst_brg_01/synthesis/submodules/altera_jtag_dc_streaming.v Line: 135
Info (12021): Found 1 design units, including 1 entities, in source file jtag_to_avalon_mst_brg_01/synthesis/submodules/altera_jtag_sld_node.v
    Info (12023): Found entity 1: altera_jtag_sld_node File: /media/nisitha/My_Passport/MOODLE/P4_Networking/Compiler_design/quartus_setup/de2_115_setup/jtag_to_avalon_mst_brg_01/synthesis/submodules/altera_jtag_sld_node.v Line: 17
Info (12021): Found 1 design units, including 1 entities, in source file jtag_to_avalon_mst_brg_01/synthesis/submodules/altera_jtag_streaming.v
    Info (12023): Found entity 1: altera_jtag_streaming File: /media/nisitha/My_Passport/MOODLE/P4_Networking/Compiler_design/quartus_setup/de2_115_setup/jtag_to_avalon_mst_brg_01/synthesis/submodules/altera_jtag_streaming.v Line: 18
Info (12021): Found 1 design units, including 1 entities, in source file jtag_to_avalon_mst_brg_01/synthesis/submodules/altera_avalon_st_clock_crosser.v
    Info (12023): Found entity 1: altera_avalon_st_clock_crosser File: /media/nisitha/My_Passport/MOODLE/P4_Networking/Compiler_design/quartus_setup/de2_115_setup/jtag_to_avalon_mst_brg_01/synthesis/submodules/altera_avalon_st_clock_crosser.v Line: 22
Info (12021): Found 1 design units, including 1 entities, in source file jtag_to_avalon_mst_brg_01/synthesis/submodules/altera_std_synchronizer_nocut.v
    Info (12023): Found entity 1: altera_std_synchronizer_nocut File: /media/nisitha/My_Passport/MOODLE/P4_Networking/Compiler_design/quartus_setup/de2_115_setup/jtag_to_avalon_mst_brg_01/synthesis/submodules/altera_std_synchronizer_nocut.v Line: 44
Info (12021): Found 1 design units, including 1 entities, in source file jtag_to_avalon_mst_brg_01/synthesis/submodules/altera_avalon_st_pipeline_base.v
    Info (12023): Found entity 1: altera_avalon_st_pipeline_base File: /media/nisitha/My_Passport/MOODLE/P4_Networking/Compiler_design/quartus_setup/de2_115_setup/jtag_to_avalon_mst_brg_01/synthesis/submodules/altera_avalon_st_pipeline_base.v Line: 22
Info (12021): Found 1 design units, including 1 entities, in source file jtag_to_avalon_mst_brg_01/synthesis/submodules/altera_avalon_st_idle_remover.v
    Info (12023): Found entity 1: altera_avalon_st_idle_remover File: /media/nisitha/My_Passport/MOODLE/P4_Networking/Compiler_design/quartus_setup/de2_115_setup/jtag_to_avalon_mst_brg_01/synthesis/submodules/altera_avalon_st_idle_remover.v Line: 19
Info (12021): Found 1 design units, including 1 entities, in source file jtag_to_avalon_mst_brg_01/synthesis/submodules/altera_avalon_st_idle_inserter.v
    Info (12023): Found entity 1: altera_avalon_st_idle_inserter File: /media/nisitha/My_Passport/MOODLE/P4_Networking/Compiler_design/quartus_setup/de2_115_setup/jtag_to_avalon_mst_brg_01/synthesis/submodules/altera_avalon_st_idle_inserter.v Line: 19
Info (12021): Found 1 design units, including 1 entities, in source file jtag_to_avalon_mst_brg_01/synthesis/submodules/altera_avalon_st_pipeline_stage.sv
    Info (12023): Found entity 1: altera_avalon_st_pipeline_stage File: /media/nisitha/My_Passport/MOODLE/P4_Networking/Compiler_design/quartus_setup/de2_115_setup/jtag_to_avalon_mst_brg_01/synthesis/submodules/altera_avalon_st_pipeline_stage.sv Line: 22
Info (12021): Found 1 design units, including 1 entities, in source file /media/nisitha/My_Passport/MOODLE/P4_Networking/Compiler_design/p4_to_rtl/generated/fiveTuple/processing_generated.sv
    Info (12023): Found entity 1: processing_generated File: /media/nisitha/My_Passport/MOODLE/P4_Networking/Compiler_design/p4_to_rtl/generated/fiveTuple/processing_generated.sv Line: 1
Info (12021): Found 1 design units, including 1 entities, in source file /media/nisitha/My_Passport/MOODLE/P4_Networking/Compiler_design/p4_to_rtl/generated/fiveTuple/parser_generated.sv
    Info (12023): Found entity 1: parser_generated File: /media/nisitha/My_Passport/MOODLE/P4_Networking/Compiler_design/p4_to_rtl/generated/fiveTuple/parser_generated.sv Line: 1
Info (12021): Found 1 design units, including 1 entities, in source file /media/nisitha/My_Passport/MOODLE/P4_Networking/Compiler_design/p4_to_rtl/generated/fiveTuple/fiveTuple_top.sv
    Info (12023): Found entity 1: fiveTuple_top File: /media/nisitha/My_Passport/MOODLE/P4_Networking/Compiler_design/p4_to_rtl/generated/fiveTuple/fiveTuple_top.sv Line: 1
Info (12021): Found 1 design units, including 1 entities, in source file /media/nisitha/My_Passport/MOODLE/P4_Networking/Compiler_design/p4_to_rtl/generated/fiveTuple/FiveTuple_table.sv
    Info (12023): Found entity 1: FiveTuple_table File: /media/nisitha/My_Passport/MOODLE/P4_Networking/Compiler_design/p4_to_rtl/generated/fiveTuple/FiveTuple_table.sv Line: 1
Info (12021): Found 1 design units, including 1 entities, in source file /media/nisitha/My_Passport/MOODLE/P4_Networking/Compiler_design/p4_to_rtl/generated/fiveTuple/fiveTuple_selftest_top.sv
    Info (12023): Found entity 1: fiveTuple_selftest_top File: /media/nisitha/My_Passport/MOODLE/P4_Networking/Compiler_design/p4_to_rtl/generated/fiveTuple/fiveTuple_selftest_top.sv Line: 6
Info (12021): Found 1 design units, including 0 entities, in source file /media/nisitha/My_Passport/MOODLE/P4_Networking/Compiler_design/p4_to_rtl/generated/fiveTuple/fiveTuple_pkg.sv
    Info (12022): Found design unit 1: fiveTuple_pkg (SystemVerilog) File: /media/nisitha/My_Passport/MOODLE/P4_Networking/Compiler_design/p4_to_rtl/generated/fiveTuple/fiveTuple_pkg.sv Line: 1
Info (12021): Found 1 design units, including 1 entities, in source file /media/nisitha/My_Passport/MOODLE/P4_Networking/Compiler_design/p4_to_rtl/generated/fiveTuple/deparser_generated.sv
    Info (12023): Found entity 1: deparser_generated File: /media/nisitha/My_Passport/MOODLE/P4_Networking/Compiler_design/p4_to_rtl/generated/fiveTuple/deparser_generated.sv Line: 1
Info (12021): Found 1 design units, including 1 entities, in source file /media/nisitha/My_Passport/MOODLE/P4_Networking/Compiler_design/p4_to_rtl/generated/fiveTuple/board/de2115_fiveTuple_top.sv
    Info (12023): Found entity 1: de2115_fiveTuple_top File: /media/nisitha/My_Passport/MOODLE/P4_Networking/Compiler_design/p4_to_rtl/generated/fiveTuple/board/de2115_fiveTuple_top.sv Line: 57
Info (12021): Found 1 design units, including 1 entities, in source file /media/nisitha/My_Passport/MOODLE/P4_Networking/Compiler_design/p4_to_rtl/rtl/common/avmm_axil_lite_bridge.sv
    Info (12023): Found entity 1: avmm_axil_lite_bridge File: /media/nisitha/My_Passport/MOODLE/P4_Networking/Compiler_design/p4_to_rtl/rtl/common/avmm_axil_lite_bridge.sv Line: 41
Info (15248): File "/media/nisitha/My_Passport/MOODLE/P4_Networking/Compiler_design/quartus_setup/de2_115_setup/db/ip/jtag_to_avalon_mst_brg_01/jtag_to_avalon_mst_brg_01.v" is a duplicate of already analyzed file "/media/nisitha/My_Passport/MOODLE/P4_Networking/Compiler_design/quartus_setup/de2_115_setup/jtag_to_avalon_mst_brg_01/synthesis/jtag_to_avalon_mst_brg_01.v" (same filename, same library name and same md5 digest). Skipping analysis of this file.
Info (12021): Found 0 design units, including 0 entities, in source file db/ip/jtag_to_avalon_mst_brg_01/jtag_to_avalon_mst_brg_01.v
Info (15248): File "/media/nisitha/My_Passport/MOODLE/P4_Networking/Compiler_design/quartus_setup/de2_115_setup/db/ip/jtag_to_avalon_mst_brg_01/submodules/altera_avalon_packets_to_master.v" is a duplicate of already analyzed file "/media/nisitha/My_Passport/MOODLE/P4_Networking/Compiler_design/quartus_setup/de2_115_setup/jtag_to_avalon_mst_brg_01/synthesis/submodules/altera_avalon_packets_to_master.v" (same filename, same library name and same md5 digest). Skipping analysis of this file.
Info (12021): Found 0 design units, including 0 entities, in source file db/ip/jtag_to_avalon_mst_brg_01/submodules/altera_avalon_packets_to_master.v
Info (15248): File "/media/nisitha/My_Passport/MOODLE/P4_Networking/Compiler_design/quartus_setup/de2_115_setup/db/ip/jtag_to_avalon_mst_brg_01/submodules/altera_avalon_sc_fifo.v" is a duplicate of already analyzed file "/media/nisitha/My_Passport/MOODLE/P4_Networking/Compiler_design/quartus_setup/de2_115_setup/jtag_to_avalon_mst_brg_01/synthesis/submodules/altera_avalon_sc_fifo.v" (same filename, same library name and same md5 digest). Skipping analysis of this file.
Info (12021): Found 0 design units, including 0 entities, in source file db/ip/jtag_to_avalon_mst_brg_01/submodules/altera_avalon_sc_fifo.v
Info (15248): File "/media/nisitha/My_Passport/MOODLE/P4_Networking/Compiler_design/quartus_setup/de2_115_setup/db/ip/jtag_to_avalon_mst_brg_01/submodules/altera_avalon_st_bytes_to_packets.v" is a duplicate of already analyzed file "/media/nisitha/My_Passport/MOODLE/P4_Networking/Compiler_design/quartus_setup/de2_115_setup/jtag_to_avalon_mst_brg_01/synthesis/submodules/altera_avalon_st_bytes_to_packets.v" (same filename, same library name and same md5 digest). Skipping analysis of this file.
Info (12021): Found 0 design units, including 0 entities, in source file db/ip/jtag_to_avalon_mst_brg_01/submodules/altera_avalon_st_bytes_to_packets.v
Info (15248): File "/media/nisitha/My_Passport/MOODLE/P4_Networking/Compiler_design/quartus_setup/de2_115_setup/db/ip/jtag_to_avalon_mst_brg_01/submodules/altera_avalon_st_clock_crosser.v" is a duplicate of already analyzed file "/media/nisitha/My_Passport/MOODLE/P4_Networking/Compiler_design/quartus_setup/de2_115_setup/jtag_to_avalon_mst_brg_01/synthesis/submodules/altera_avalon_st_clock_crosser.v" (same filename, same library name and same md5 digest). Skipping analysis of this file.
Info (12021): Found 0 design units, including 0 entities, in source file db/ip/jtag_to_avalon_mst_brg_01/submodules/altera_avalon_st_clock_crosser.v
Info (15248): File "/media/nisitha/My_Passport/MOODLE/P4_Networking/Compiler_design/quartus_setup/de2_115_setup/db/ip/jtag_to_avalon_mst_brg_01/submodules/altera_avalon_st_idle_inserter.v" is a duplicate of already analyzed file "/media/nisitha/My_Passport/MOODLE/P4_Networking/Compiler_design/quartus_setup/de2_115_setup/jtag_to_avalon_mst_brg_01/synthesis/submodules/altera_avalon_st_idle_inserter.v" (same filename, same library name and same md5 digest). Skipping analysis of this file.
Info (12021): Found 0 design units, including 0 entities, in source file db/ip/jtag_to_avalon_mst_brg_01/submodules/altera_avalon_st_idle_inserter.v
Info (15248): File "/media/nisitha/My_Passport/MOODLE/P4_Networking/Compiler_design/quartus_setup/de2_115_setup/db/ip/jtag_to_avalon_mst_brg_01/submodules/altera_avalon_st_idle_remover.v" is a duplicate of already analyzed file "/media/nisitha/My_Passport/MOODLE/P4_Networking/Compiler_design/quartus_setup/de2_115_setup/jtag_to_avalon_mst_brg_01/synthesis/submodules/altera_avalon_st_idle_remover.v" (same filename, same library name and same md5 digest). Skipping analysis of this file.
Info (12021): Found 0 design units, including 0 entities, in source file db/ip/jtag_to_avalon_mst_brg_01/submodules/altera_avalon_st_idle_remover.v
Info (15248): File "/media/nisitha/My_Passport/MOODLE/P4_Networking/Compiler_design/quartus_setup/de2_115_setup/db/ip/jtag_to_avalon_mst_brg_01/submodules/altera_avalon_st_jtag_interface.v" is a duplicate of already analyzed file "/media/nisitha/My_Passport/MOODLE/P4_Networking/Compiler_design/quartus_setup/de2_115_setup/jtag_to_avalon_mst_brg_01/synthesis/submodules/altera_avalon_st_jtag_interface.v" (same filename, same library name and same md5 digest). Skipping analysis of this file.
Info (12021): Found 0 design units, including 0 entities, in source file db/ip/jtag_to_avalon_mst_brg_01/submodules/altera_avalon_st_jtag_interface.v
Info (15248): File "/media/nisitha/My_Passport/MOODLE/P4_Networking/Compiler_design/quartus_setup/de2_115_setup/db/ip/jtag_to_avalon_mst_brg_01/submodules/altera_avalon_st_packets_to_bytes.v" is a duplicate of already analyzed file "/media/nisitha/My_Passport/MOODLE/P4_Networking/Compiler_design/quartus_setup/de2_115_setup/jtag_to_avalon_mst_brg_01/synthesis/submodules/altera_avalon_st_packets_to_bytes.v" (same filename, same library name and same md5 digest). Skipping analysis of this file.
Info (12021): Found 0 design units, including 0 entities, in source file db/ip/jtag_to_avalon_mst_brg_01/submodules/altera_avalon_st_packets_to_bytes.v
Info (15248): File "/media/nisitha/My_Passport/MOODLE/P4_Networking/Compiler_design/quartus_setup/de2_115_setup/db/ip/jtag_to_avalon_mst_brg_01/submodules/altera_avalon_st_pipeline_base.v" is a duplicate of already analyzed file "/media/nisitha/My_Passport/MOODLE/P4_Networking/Compiler_design/quartus_setup/de2_115_setup/jtag_to_avalon_mst_brg_01/synthesis/submodules/altera_avalon_st_pipeline_base.v" (same filename, same library name and same md5 digest). Skipping analysis of this file.
Info (12021): Found 0 design units, including 0 entities, in source file db/ip/jtag_to_avalon_mst_brg_01/submodules/altera_avalon_st_pipeline_base.v
Info (15248): File "/media/nisitha/My_Passport/MOODLE/P4_Networking/Compiler_design/quartus_setup/de2_115_setup/db/ip/jtag_to_avalon_mst_brg_01/submodules/altera_avalon_st_pipeline_stage.sv" is a duplicate of already analyzed file "/media/nisitha/My_Passport/MOODLE/P4_Networking/Compiler_design/quartus_setup/de2_115_setup/jtag_to_avalon_mst_brg_01/synthesis/submodules/altera_avalon_st_pipeline_stage.sv" (same filename, same library name and same md5 digest). Skipping analysis of this file.
Info (12021): Found 0 design units, including 0 entities, in source file db/ip/jtag_to_avalon_mst_brg_01/submodules/altera_avalon_st_pipeline_stage.sv
Info (15248): File "/media/nisitha/My_Passport/MOODLE/P4_Networking/Compiler_design/quartus_setup/de2_115_setup/db/ip/jtag_to_avalon_mst_brg_01/submodules/altera_jtag_dc_streaming.v" is a duplicate of already analyzed file "/media/nisitha/My_Passport/MOODLE/P4_Networking/Compiler_design/quartus_setup/de2_115_setup/jtag_to_avalon_mst_brg_01/synthesis/submodules/altera_jtag_dc_streaming.v" (same filename, same library name and same md5 digest). Skipping analysis of this file.
Info (12021): Found 0 design units, including 0 entities, in source file db/ip/jtag_to_avalon_mst_brg_01/submodules/altera_jtag_dc_streaming.v
Info (15248): File "/media/nisitha/My_Passport/MOODLE/P4_Networking/Compiler_design/quartus_setup/de2_115_setup/db/ip/jtag_to_avalon_mst_brg_01/submodules/altera_jtag_sld_node.v" is a duplicate of already analyzed file "/media/nisitha/My_Passport/MOODLE/P4_Networking/Compiler_design/quartus_setup/de2_115_setup/jtag_to_avalon_mst_brg_01/synthesis/submodules/altera_jtag_sld_node.v" (same filename, same library name and same md5 digest). Skipping analysis of this file.
Info (12021): Found 0 design units, including 0 entities, in source file db/ip/jtag_to_avalon_mst_brg_01/submodules/altera_jtag_sld_node.v
Info (15248): File "/media/nisitha/My_Passport/MOODLE/P4_Networking/Compiler_design/quartus_setup/de2_115_setup/db/ip/jtag_to_avalon_mst_brg_01/submodules/altera_jtag_streaming.v" is a duplicate of already analyzed file "/media/nisitha/My_Passport/MOODLE/P4_Networking/Compiler_design/quartus_setup/de2_115_setup/jtag_to_avalon_mst_brg_01/synthesis/submodules/altera_jtag_streaming.v" (same filename, same library name and same md5 digest). Skipping analysis of this file.
Info (12021): Found 0 design units, including 0 entities, in source file db/ip/jtag_to_avalon_mst_brg_01/submodules/altera_jtag_streaming.v
Info (15248): File "/media/nisitha/My_Passport/MOODLE/P4_Networking/Compiler_design/quartus_setup/de2_115_setup/db/ip/jtag_to_avalon_mst_brg_01/submodules/altera_reset_controller.v" is a duplicate of already analyzed file "/media/nisitha/My_Passport/MOODLE/P4_Networking/Compiler_design/quartus_setup/de2_115_setup/jtag_to_avalon_mst_brg_01/synthesis/submodules/altera_reset_controller.v" (same filename, same library name and same md5 digest). Skipping analysis of this file.
Info (12021): Found 0 design units, including 0 entities, in source file db/ip/jtag_to_avalon_mst_brg_01/submodules/altera_reset_controller.v
Info (15248): File "/media/nisitha/My_Passport/MOODLE/P4_Networking/Compiler_design/quartus_setup/de2_115_setup/db/ip/jtag_to_avalon_mst_brg_01/submodules/altera_reset_synchronizer.v" is a duplicate of already analyzed file "/media/nisitha/My_Passport/MOODLE/P4_Networking/Compiler_design/quartus_setup/de2_115_setup/jtag_to_avalon_mst_brg_01/synthesis/submodules/altera_reset_synchronizer.v" (same filename, same library name and same md5 digest). Skipping analysis of this file.
Info (12021): Found 0 design units, including 0 entities, in source file db/ip/jtag_to_avalon_mst_brg_01/submodules/altera_reset_synchronizer.v
Info (15248): File "/media/nisitha/My_Passport/MOODLE/P4_Networking/Compiler_design/quartus_setup/de2_115_setup/db/ip/jtag_to_avalon_mst_brg_01/submodules/altera_std_synchronizer_nocut.v" is a duplicate of already analyzed file "/media/nisitha/My_Passport/MOODLE/P4_Networking/Compiler_design/quartus_setup/de2_115_setup/jtag_to_avalon_mst_brg_01/synthesis/submodules/altera_std_synchronizer_nocut.v" (same filename, same library name and same md5 digest). Skipping analysis of this file.
Info (12021): Found 0 design units, including 0 entities, in source file db/ip/jtag_to_avalon_mst_brg_01/submodules/altera_std_synchronizer_nocut.v
Info (15248): File "/media/nisitha/My_Passport/MOODLE/P4_Networking/Compiler_design/quartus_setup/de2_115_setup/db/ip/jtag_to_avalon_mst_brg_01/submodules/jtag_to_avalon_mst_brg_01_master_0.v" is a duplicate of already analyzed file "/media/nisitha/My_Passport/MOODLE/P4_Networking/Compiler_design/quartus_setup/de2_115_setup/jtag_to_avalon_mst_brg_01/synthesis/submodules/jtag_to_avalon_mst_brg_01_master_0.v" (same filename, same library name and same md5 digest). Skipping analysis of this file.
Info (12021): Found 0 design units, including 0 entities, in source file db/ip/jtag_to_avalon_mst_brg_01/submodules/jtag_to_avalon_mst_brg_01_master_0.v
Info (15248): File "/media/nisitha/My_Passport/MOODLE/P4_Networking/Compiler_design/quartus_setup/de2_115_setup/db/ip/jtag_to_avalon_mst_brg_01/submodules/jtag_to_avalon_mst_brg_01_master_0_b2p_adapter.sv" is a duplicate of already analyzed file "/media/nisitha/My_Passport/MOODLE/P4_Networking/Compiler_design/quartus_setup/de2_115_setup/jtag_to_avalon_mst_brg_01/synthesis/submodules/jtag_to_avalon_mst_brg_01_master_0_b2p_adapter.sv" (same filename, same library name and same md5 digest). Skipping analysis of this file.
Info (12021): Found 0 design units, including 0 entities, in source file db/ip/jtag_to_avalon_mst_brg_01/submodules/jtag_to_avalon_mst_brg_01_master_0_b2p_adapter.sv
Info (15248): File "/media/nisitha/My_Passport/MOODLE/P4_Networking/Compiler_design/quartus_setup/de2_115_setup/db/ip/jtag_to_avalon_mst_brg_01/submodules/jtag_to_avalon_mst_brg_01_master_0_p2b_adapter.sv" is a duplicate of already analyzed file "/media/nisitha/My_Passport/MOODLE/P4_Networking/Compiler_design/quartus_setup/de2_115_setup/jtag_to_avalon_mst_brg_01/synthesis/submodules/jtag_to_avalon_mst_brg_01_master_0_p2b_adapter.sv" (same filename, same library name and same md5 digest). Skipping analysis of this file.
Info (12021): Found 0 design units, including 0 entities, in source file db/ip/jtag_to_avalon_mst_brg_01/submodules/jtag_to_avalon_mst_brg_01_master_0_p2b_adapter.sv
Info (15248): File "/media/nisitha/My_Passport/MOODLE/P4_Networking/Compiler_design/quartus_setup/de2_115_setup/db/ip/jtag_to_avalon_mst_brg_01/submodules/jtag_to_avalon_mst_brg_01_master_0_timing_adt.sv" is a duplicate of already analyzed file "/media/nisitha/My_Passport/MOODLE/P4_Networking/Compiler_design/quartus_setup/de2_115_setup/jtag_to_avalon_mst_brg_01/synthesis/submodules/jtag_to_avalon_mst_brg_01_master_0_timing_adt.sv" (same filename, same library name and same md5 digest). Skipping analysis of this file.
Info (12021): Found 0 design units, including 0 entities, in source file db/ip/jtag_to_avalon_mst_brg_01/submodules/jtag_to_avalon_mst_brg_01_master_0_timing_adt.sv
Info (12127): Elaborating entity "de2115_fiveTuple_top" for the top level hierarchy
Info (12128): Elaborating entity "jtag_to_avalon_mst_brg_01" for hierarchy "jtag_to_avalon_mst_brg_01:u_jtag_avmm" File: /media/nisitha/My_Passport/MOODLE/P4_Networking/Compiler_design/p4_to_rtl/generated/fiveTuple/board/de2115_fiveTuple_top.sv Line: 95
Info (12128): Elaborating entity "jtag_to_avalon_mst_brg_01_master_0" for hierarchy "jtag_to_avalon_mst_brg_01:u_jtag_avmm|jtag_to_avalon_mst_brg_01_master_0:master_0" File: /media/nisitha/My_Passport/MOODLE/P4_Networking/Compiler_design/quartus_setup/de2_115_setup/jtag_to_avalon_mst_brg_01/synthesis/jtag_to_avalon_mst_brg_01.v Line: 36
Info (12128): Elaborating entity "altera_avalon_st_jtag_interface" for hierarchy "jtag_to_avalon_mst_brg_01:u_jtag_avmm|jtag_to_avalon_mst_brg_01_master_0:master_0|altera_avalon_st_jtag_interface:jtag_phy_embedded_in_jtag_master" File: /media/nisitha/My_Passport/MOODLE/P4_Networking/Compiler_design/quartus_setup/de2_115_setup/jtag_to_avalon_mst_brg_01/synthesis/submodules/jtag_to_avalon_mst_brg_01_master_0.v Line: 145
Info (12128): Elaborating entity "altera_jtag_sld_node" for hierarchy "jtag_to_avalon_mst_brg_01:u_jtag_avmm|jtag_to_avalon_mst_brg_01_master_0:master_0|altera_avalon_st_jtag_interface:jtag_phy_embedded_in_jtag_master|altera_jtag_sld_node:node" File: /media/nisitha/My_Passport/MOODLE/P4_Networking/Compiler_design/quartus_setup/de2_115_setup/jtag_to_avalon_mst_brg_01/synthesis/submodules/altera_avalon_st_jtag_interface.v Line: 101
Info (12128): Elaborating entity "sld_virtual_jtag_basic" for hierarchy "jtag_to_avalon_mst_brg_01:u_jtag_avmm|jtag_to_avalon_mst_brg_01_master_0:master_0|altera_avalon_st_jtag_interface:jtag_phy_embedded_in_jtag_master|altera_jtag_sld_node:node|sld_virtual_jtag_basic:sld_virtual_jtag_component" File: /media/nisitha/My_Passport/MOODLE/P4_Networking/Compiler_design/quartus_setup/de2_115_setup/jtag_to_avalon_mst_brg_01/synthesis/submodules/altera_jtag_sld_node.v Line: 105
Info (12130): Elaborated megafunction instantiation "jtag_to_avalon_mst_brg_01:u_jtag_avmm|jtag_to_avalon_mst_brg_01_master_0:master_0|altera_avalon_st_jtag_interface:jtag_phy_embedded_in_jtag_master|altera_jtag_sld_node:node|sld_virtual_jtag_basic:sld_virtual_jtag_component" File: /media/nisitha/My_Passport/MOODLE/P4_Networking/Compiler_design/quartus_setup/de2_115_setup/jtag_to_avalon_mst_brg_01/synthesis/submodules/altera_jtag_sld_node.v Line: 105
Info (12133): Instantiated megafunction "jtag_to_avalon_mst_brg_01:u_jtag_avmm|jtag_to_avalon_mst_brg_01_master_0:master_0|altera_avalon_st_jtag_interface:jtag_phy_embedded_in_jtag_master|altera_jtag_sld_node:node|sld_virtual_jtag_basic:sld_virtual_jtag_component" with the following parameter: File: /media/nisitha/My_Passport/MOODLE/P4_Networking/Compiler_design/quartus_setup/de2_115_setup/jtag_to_avalon_mst_brg_01/synthesis/submodules/altera_jtag_sld_node.v Line: 105
    Info (12134): Parameter "sld_mfg_id" = "110"
    Info (12134): Parameter "sld_type_id" = "132"
    Info (12134): Parameter "sld_version" = "1"
    Info (12134): Parameter "sld_auto_instance_index" = "YES"
    Info (12134): Parameter "sld_instance_index" = "0"
    Info (12134): Parameter "sld_ir_width" = "3"
    Info (12134): Parameter "sld_sim_action" = ""
    Info (12134): Parameter "sld_sim_n_scan" = "0"
    Info (12134): Parameter "sld_sim_total_length" = "0"
Info (12128): Elaborating entity "sld_virtual_jtag_impl" for hierarchy "jtag_to_avalon_mst_brg_01:u_jtag_avmm|jtag_to_avalon_mst_brg_01_master_0:master_0|altera_avalon_st_jtag_interface:jtag_phy_embedded_in_jtag_master|altera_jtag_sld_node:node|sld_virtual_jtag_basic:sld_virtual_jtag_component|sld_virtual_jtag_impl:sld_virtual_jtag_impl_inst" File: /data/intelFPGA_lite/25.1std/quartus/libraries/megafunctions/sld_virtual_jtag_basic.v Line: 152
Info (12131): Elaborated megafunction instantiation "jtag_to_avalon_mst_brg_01:u_jtag_avmm|jtag_to_avalon_mst_brg_01_master_0:master_0|altera_avalon_st_jtag_interface:jtag_phy_embedded_in_jtag_master|altera_jtag_sld_node:node|sld_virtual_jtag_basic:sld_virtual_jtag_component|sld_virtual_jtag_impl:sld_virtual_jtag_impl_inst", which is child of megafunction instantiation "jtag_to_avalon_mst_brg_01:u_jtag_avmm|jtag_to_avalon_mst_brg_01_master_0:master_0|altera_avalon_st_jtag_interface:jtag_phy_embedded_in_jtag_master|altera_jtag_sld_node:node|sld_virtual_jtag_basic:sld_virtual_jtag_component" File: /data/intelFPGA_lite/25.1std/quartus/libraries/megafunctions/sld_virtual_jtag_basic.v Line: 152
Info (12128): Elaborating entity "sld_jtag_endpoint_adapter" for hierarchy "jtag_to_avalon_mst_brg_01:u_jtag_avmm|jtag_to_avalon_mst_brg_01_master_0:master_0|altera_avalon_st_jtag_interface:jtag_phy_embedded_in_jtag_master|altera_jtag_sld_node:node|sld_virtual_jtag_basic:sld_virtual_jtag_component|sld_virtual_jtag_impl:sld_virtual_jtag_impl_inst|sld_jtag_endpoint_adapter:jtag_signal_adapter" File: /data/intelFPGA_lite/25.1std/quartus/libraries/megafunctions/sld_virtual_jtag_basic.v Line: 415
Info (12128): Elaborating entity "sld_jtag_endpoint_adapter_impl" for hierarchy "jtag_to_avalon_mst_brg_01:u_jtag_avmm|jtag_to_avalon_mst_brg_01_master_0:master_0|altera_avalon_st_jtag_interface:jtag_phy_embedded_in_jtag_master|altera_jtag_sld_node:node|sld_virtual_jtag_basic:sld_virtual_jtag_component|sld_virtual_jtag_impl:sld_virtual_jtag_impl_inst|sld_jtag_endpoint_adapter:jtag_signal_adapter|sld_jtag_endpoint_adapter_impl:sld_jtag_endpoint_adapter_impl_inst" File: /data/intelFPGA_lite/25.1std/quartus/libraries/megafunctions/sld_jtag_endpoint_adapter.vhd Line: 232
Info (12128): Elaborating entity "altera_jtag_dc_streaming" for hierarchy "jtag_to_avalon_mst_brg_01:u_jtag_avmm|jtag_to_avalon_mst_brg_01_master_0:master_0|altera_avalon_st_jtag_interface:jtag_phy_embedded_in_jtag_master|altera_jtag_dc_streaming:normal.jtag_dc_streaming" File: /media/nisitha/My_Passport/MOODLE/P4_Networking/Compiler_design/quartus_setup/de2_115_setup/jtag_to_avalon_mst_brg_01/synthesis/submodules/altera_avalon_st_jtag_interface.v Line: 143
Info (12128): Elaborating entity "altera_std_synchronizer" for hierarchy "jtag_to_avalon_mst_brg_01:u_jtag_avmm|jtag_to_avalon_mst_brg_01_master_0:master_0|altera_avalon_st_jtag_interface:jtag_phy_embedded_in_jtag_master|altera_jtag_dc_streaming:normal.jtag_dc_streaming|altera_std_synchronizer:synchronizer" File: /media/nisitha/My_Passport/MOODLE/P4_Networking/Compiler_design/quartus_setup/de2_115_setup/jtag_to_avalon_mst_brg_01/synthesis/submodules/altera_jtag_dc_streaming.v Line: 197
Info (12130): Elaborated megafunction instantiation "jtag_to_avalon_mst_brg_01:u_jtag_avmm|jtag_to_avalon_mst_brg_01_master_0:master_0|altera_avalon_st_jtag_interface:jtag_phy_embedded_in_jtag_master|altera_jtag_dc_streaming:normal.jtag_dc_streaming|altera_std_synchronizer:synchronizer" File: /media/nisitha/My_Passport/MOODLE/P4_Networking/Compiler_design/quartus_setup/de2_115_setup/jtag_to_avalon_mst_brg_01/synthesis/submodules/altera_jtag_dc_streaming.v Line: 197
Info (12133): Instantiated megafunction "jtag_to_avalon_mst_brg_01:u_jtag_avmm|jtag_to_avalon_mst_brg_01_master_0:master_0|altera_avalon_st_jtag_interface:jtag_phy_embedded_in_jtag_master|altera_jtag_dc_streaming:normal.jtag_dc_streaming|altera_std_synchronizer:synchronizer" with the following parameter: File: /media/nisitha/My_Passport/MOODLE/P4_Networking/Compiler_design/quartus_setup/de2_115_setup/jtag_to_avalon_mst_brg_01/synthesis/submodules/altera_jtag_dc_streaming.v Line: 197
    Info (12134): Parameter "depth" = "3"
Info (12128): Elaborating entity "altera_jtag_streaming" for hierarchy "jtag_to_avalon_mst_brg_01:u_jtag_avmm|jtag_to_avalon_mst_brg_01_master_0:master_0|altera_avalon_st_jtag_interface:jtag_phy_embedded_in_jtag_master|altera_jtag_dc_streaming:normal.jtag_dc_streaming|altera_jtag_streaming:jtag_streaming" File: /media/nisitha/My_Passport/MOODLE/P4_Networking/Compiler_design/quartus_setup/de2_115_setup/jtag_to_avalon_mst_brg_01/synthesis/submodules/altera_jtag_dc_streaming.v Line: 226
Info (12128): Elaborating entity "altera_std_synchronizer" for hierarchy "jtag_to_avalon_mst_brg_01:u_jtag_avmm|jtag_to_avalon_mst_brg_01_master_0:master_0|altera_avalon_st_jtag_interface:jtag_phy_embedded_in_jtag_master|altera_jtag_dc_streaming:normal.jtag_dc_streaming|altera_jtag_streaming:jtag_streaming|altera_std_synchronizer:clock_sense_reset_n_synchronizer" File: /media/nisitha/My_Passport/MOODLE/P4_Networking/Compiler_design/quartus_setup/de2_115_setup/jtag_to_avalon_mst_brg_01/synthesis/submodules/altera_jtag_streaming.v Line: 231
Info (12130): Elaborated megafunction instantiation "jtag_to_avalon_mst_brg_01:u_jtag_avmm|jtag_to_avalon_mst_brg_01_master_0:master_0|altera_avalon_st_jtag_interface:jtag_phy_embedded_in_jtag_master|altera_jtag_dc_streaming:normal.jtag_dc_streaming|altera_jtag_streaming:jtag_streaming|altera_std_synchronizer:clock_sense_reset_n_synchronizer" File: /media/nisitha/My_Passport/MOODLE/P4_Networking/Compiler_design/quartus_setup/de2_115_setup/jtag_to_avalon_mst_brg_01/synthesis/submodules/altera_jtag_streaming.v Line: 231
Info (12133): Instantiated megafunction "jtag_to_avalon_mst_brg_01:u_jtag_avmm|jtag_to_avalon_mst_brg_01_master_0:master_0|altera_avalon_st_jtag_interface:jtag_phy_embedded_in_jtag_master|altera_jtag_dc_streaming:normal.jtag_dc_streaming|altera_jtag_streaming:jtag_streaming|altera_std_synchronizer:clock_sense_reset_n_synchronizer" with the following parameter: File: /media/nisitha/My_Passport/MOODLE/P4_Networking/Compiler_design/quartus_setup/de2_115_setup/jtag_to_avalon_mst_brg_01/synthesis/submodules/altera_jtag_streaming.v Line: 231
    Info (12134): Parameter "depth" = "8"
Info (12128): Elaborating entity "altera_avalon_st_idle_remover" for hierarchy "jtag_to_avalon_mst_brg_01:u_jtag_avmm|jtag_to_avalon_mst_brg_01_master_0:master_0|altera_avalon_st_jtag_interface:jtag_phy_embedded_in_jtag_master|altera_jtag_dc_streaming:normal.jtag_dc_streaming|altera_jtag_streaming:jtag_streaming|altera_avalon_st_idle_remover:idle_remover" File: /media/nisitha/My_Passport/MOODLE/P4_Networking/Compiler_design/quartus_setup/de2_115_setup/jtag_to_avalon_mst_brg_01/synthesis/submodules/altera_jtag_streaming.v Line: 547
Info (12128): Elaborating entity "altera_avalon_st_idle_inserter" for hierarchy "jtag_to_avalon_mst_brg_01:u_jtag_avmm|jtag_to_avalon_mst_brg_01_master_0:master_0|altera_avalon_st_jtag_interface:jtag_phy_embedded_in_jtag_master|altera_jtag_dc_streaming:normal.jtag_dc_streaming|altera_jtag_streaming:jtag_streaming|altera_avalon_st_idle_inserter:idle_inserter" File: /media/nisitha/My_Passport/MOODLE/P4_Networking/Compiler_design/quartus_setup/de2_115_setup/jtag_to_avalon_mst_brg_01/synthesis/submodules/altera_jtag_streaming.v Line: 564
Info (12128): Elaborating entity "altera_avalon_st_clock_crosser" for hierarchy "jtag_to_avalon_mst_brg_01:u_jtag_avmm|jtag_to_avalon_mst_brg_01_master_0:master_0|altera_avalon_st_jtag_interface:jtag_phy_embedded_in_jtag_master|altera_jtag_dc_streaming:normal.jtag_dc_streaming|altera_avalon_st_clock_crosser:sink_crosser" File: /media/nisitha/My_Passport/MOODLE/P4_Networking/Compiler_design/quartus_setup/de2_115_setup/jtag_to_avalon_mst_brg_01/synthesis/submodules/altera_jtag_dc_streaming.v Line: 246
Info (12128): Elaborating entity "altera_std_synchronizer_nocut" for hierarchy "jtag_to_avalon_mst_brg_01:u_jtag_avmm|jtag_to_avalon_mst_brg_01_master_0:master_0|altera_avalon_st_jtag_interface:jtag_phy_embedded_in_jtag_master|altera_jtag_dc_streaming:normal.jtag_dc_streaming|altera_avalon_st_clock_crosser:sink_crosser|altera_std_synchronizer_nocut:in_to_out_synchronizer" File: /media/nisitha/My_Passport/MOODLE/P4_Networking/Compiler_design/quartus_setup/de2_115_setup/jtag_to_avalon_mst_brg_01/synthesis/submodules/altera_avalon_st_clock_crosser.v Line: 105
Info (12128): Elaborating entity "altera_std_synchronizer_nocut" for hierarchy "jtag_to_avalon_mst_brg_01:u_jtag_avmm|jtag_to_avalon_mst_brg_01_master_0:master_0|altera_avalon_st_jtag_interface:jtag_phy_embedded_in_jtag_master|altera_jtag_dc_streaming:normal.jtag_dc_streaming|altera_avalon_st_clock_crosser:sink_crosser|altera_std_synchronizer_nocut:out_to_in_synchronizer" File: /media/nisitha/My_Passport/MOODLE/P4_Networking/Compiler_design/quartus_setup/de2_115_setup/jtag_to_avalon_mst_brg_01/synthesis/submodules/altera_avalon_st_clock_crosser.v Line: 112
Info (12128): Elaborating entity "altera_avalon_st_pipeline_base" for hierarchy "jtag_to_avalon_mst_brg_01:u_jtag_avmm|jtag_to_avalon_mst_brg_01_master_0:master_0|altera_avalon_st_jtag_interface:jtag_phy_embedded_in_jtag_master|altera_jtag_dc_streaming:normal.jtag_dc_streaming|altera_avalon_st_clock_crosser:sink_crosser|altera_avalon_st_pipeline_base:output_stage" File: /media/nisitha/My_Passport/MOODLE/P4_Networking/Compiler_design/quartus_setup/de2_115_setup/jtag_to_avalon_mst_brg_01/synthesis/submodules/altera_avalon_st_clock_crosser.v Line: 129
Info (12128): Elaborating entity "altera_jtag_src_crosser" for hierarchy "jtag_to_avalon_mst_brg_01:u_jtag_avmm|jtag_to_avalon_mst_brg_01_master_0:master_0|altera_avalon_st_jtag_interface:jtag_phy_embedded_in_jtag_master|altera_jtag_dc_streaming:normal.jtag_dc_streaming|altera_jtag_src_crosser:source_crosser" File: /media/nisitha/My_Passport/MOODLE/P4_Networking/Compiler_design/quartus_setup/de2_115_setup/jtag_to_avalon_mst_brg_01/synthesis/submodules/altera_jtag_dc_streaming.v Line: 259
Info (12128): Elaborating entity "altera_jtag_control_signal_crosser" for hierarchy "jtag_to_avalon_mst_brg_01:u_jtag_avmm|jtag_to_avalon_mst_brg_01_master_0:master_0|altera_avalon_st_jtag_interface:jtag_phy_embedded_in_jtag_master|altera_jtag_dc_streaming:normal.jtag_dc_streaming|altera_jtag_src_crosser:source_crosser|altera_jtag_control_signal_crosser:crosser" File: /media/nisitha/My_Passport/MOODLE/P4_Networking/Compiler_design/quartus_setup/de2_115_setup/jtag_to_avalon_mst_brg_01/synthesis/submodules/altera_jtag_dc_streaming.v Line: 110
Info (12128): Elaborating entity "jtag_to_avalon_mst_brg_01_master_0_timing_adt" for hierarchy "jtag_to_avalon_mst_brg_01:u_jtag_avmm|jtag_to_avalon_mst_brg_01_master_0:master_0|jtag_to_avalon_mst_brg_01_master_0_timing_adt:timing_adt" File: /media/nisitha/My_Passport/MOODLE/P4_Networking/Compiler_design/quartus_setup/de2_115_setup/jtag_to_avalon_mst_brg_01/synthesis/submodules/jtag_to_avalon_mst_brg_01_master_0.v Line: 155
Warning (10036): Verilog HDL or VHDL warning at jtag_to_avalon_mst_brg_01_master_0_timing_adt.sv(82): object "in_ready" assigned a value but never read File: /media/nisitha/My_Passport/MOODLE/P4_Networking/Compiler_design/quartus_setup/de2_115_setup/jtag_to_avalon_mst_brg_01/synthesis/submodules/jtag_to_avalon_mst_brg_01_master_0_timing_adt.sv Line: 82
Info (12128): Elaborating entity "altera_avalon_sc_fifo" for hierarchy "jtag_to_avalon_mst_brg_01:u_jtag_avmm|jtag_to_avalon_mst_brg_01_master_0:master_0|altera_avalon_sc_fifo:fifo" File: /media/nisitha/My_Passport/MOODLE/P4_Networking/Compiler_design/quartus_setup/de2_115_setup/jtag_to_avalon_mst_brg_01/synthesis/submodules/jtag_to_avalon_mst_brg_01_master_0.v Line: 196
Info (12128): Elaborating entity "altera_avalon_st_bytes_to_packets" for hierarchy "jtag_to_avalon_mst_brg_01:u_jtag_avmm|jtag_to_avalon_mst_brg_01_master_0:master_0|altera_avalon_st_bytes_to_packets:b2p" File: /media/nisitha/My_Passport/MOODLE/P4_Networking/Compiler_design/quartus_setup/de2_115_setup/jtag_to_avalon_mst_brg_01/synthesis/submodules/jtag_to_avalon_mst_brg_01_master_0.v Line: 213
Info (12128): Elaborating entity "altera_avalon_st_packets_to_bytes" for hierarchy "jtag_to_avalon_mst_brg_01:u_jtag_avmm|jtag_to_avalon_mst_brg_01_master_0:master_0|altera_avalon_st_packets_to_bytes:p2b" File: /media/nisitha/My_Passport/MOODLE/P4_Networking/Compiler_design/quartus_setup/de2_115_setup/jtag_to_avalon_mst_brg_01/synthesis/submodules/jtag_to_avalon_mst_brg_01_master_0.v Line: 230
Info (12128): Elaborating entity "altera_avalon_packets_to_master" for hierarchy "jtag_to_avalon_mst_brg_01:u_jtag_avmm|jtag_to_avalon_mst_brg_01_master_0:master_0|altera_avalon_packets_to_master:transacto" File: /media/nisitha/My_Passport/MOODLE/P4_Networking/Compiler_design/quartus_setup/de2_115_setup/jtag_to_avalon_mst_brg_01/synthesis/submodules/jtag_to_avalon_mst_brg_01_master_0.v Line: 257
Info (12128): Elaborating entity "packets_to_master" for hierarchy "jtag_to_avalon_mst_brg_01:u_jtag_avmm|jtag_to_avalon_mst_brg_01_master_0:master_0|altera_avalon_packets_to_master:transacto|packets_to_master:p2m" File: /media/nisitha/My_Passport/MOODLE/P4_Networking/Compiler_design/quartus_setup/de2_115_setup/jtag_to_avalon_mst_brg_01/synthesis/submodules/altera_avalon_packets_to_master.v Line: 137
Info (12128): Elaborating entity "jtag_to_avalon_mst_brg_01_master_0_b2p_adapter" for hierarchy "jtag_to_avalon_mst_brg_01:u_jtag_avmm|jtag_to_avalon_mst_brg_01_master_0:master_0|jtag_to_avalon_mst_brg_01_master_0_b2p_adapter:b2p_adapter" File: /media/nisitha/My_Passport/MOODLE/P4_Networking/Compiler_design/quartus_setup/de2_115_setup/jtag_to_avalon_mst_brg_01/synthesis/submodules/jtag_to_avalon_mst_brg_01_master_0.v Line: 273
Warning (10036): Verilog HDL or VHDL warning at jtag_to_avalon_mst_brg_01_master_0_b2p_adapter.sv(78): object "out_channel" assigned a value but never read File: /media/nisitha/My_Passport/MOODLE/P4_Networking/Compiler_design/quartus_setup/de2_115_setup/jtag_to_avalon_mst_brg_01/synthesis/submodules/jtag_to_avalon_mst_brg_01_master_0_b2p_adapter.sv Line: 78
Warning (10230): Verilog HDL assignment warning at jtag_to_avalon_mst_brg_01_master_0_b2p_adapter.sv(90): truncated value with size 8 to match size of target (1) File: /media/nisitha/My_Passport/MOODLE/P4_Networking/Compiler_design/quartus_setup/de2_115_setup/jtag_to_avalon_mst_brg_01/synthesis/submodules/jtag_to_avalon_mst_brg_01_master_0_b2p_adapter.sv Line: 90
Info (12128): Elaborating entity "jtag_to_avalon_mst_brg_01_master_0_p2b_adapter" for hierarchy "jtag_to_avalon_mst_brg_01:u_jtag_avmm|jtag_to_avalon_mst_brg_01_master_0:master_0|jtag_to_avalon_mst_brg_01_master_0_p2b_adapter:p2b_adapter" File: /media/nisitha/My_Passport/MOODLE/P4_Networking/Compiler_design/quartus_setup/de2_115_setup/jtag_to_avalon_mst_brg_01/synthesis/submodules/jtag_to_avalon_mst_brg_01_master_0.v Line: 289
Info (12128): Elaborating entity "altera_reset_controller" for hierarchy "jtag_to_avalon_mst_brg_01:u_jtag_avmm|jtag_to_avalon_mst_brg_01_master_0:master_0|altera_reset_controller:rst_controller" File: /media/nisitha/My_Passport/MOODLE/P4_Networking/Compiler_design/quartus_setup/de2_115_setup/jtag_to_avalon_mst_brg_01/synthesis/submodules/jtag_to_avalon_mst_brg_01_master_0.v Line: 352
Info (12128): Elaborating entity "altera_reset_synchronizer" for hierarchy "jtag_to_avalon_mst_brg_01:u_jtag_avmm|jtag_to_avalon_mst_brg_01_master_0:master_0|altera_reset_controller:rst_controller|altera_reset_synchronizer:alt_rst_sync_uq1" File: /media/nisitha/My_Passport/MOODLE/P4_Networking/Compiler_design/quartus_setup/de2_115_setup/jtag_to_avalon_mst_brg_01/synthesis/submodules/altera_reset_controller.v Line: 208
Info (12128): Elaborating entity "altera_reset_synchronizer" for hierarchy "jtag_to_avalon_mst_brg_01:u_jtag_avmm|jtag_to_avalon_mst_brg_01_master_0:master_0|altera_reset_controller:rst_controller|altera_reset_synchronizer:alt_rst_req_sync_uq1" File: /media/nisitha/My_Passport/MOODLE/P4_Networking/Compiler_design/quartus_setup/de2_115_setup/jtag_to_avalon_mst_brg_01/synthesis/submodules/altera_reset_controller.v Line: 220
Info (12128): Elaborating entity "fiveTuple_selftest_top" for hierarchy "fiveTuple_selftest_top:u_pipeline" File: /media/nisitha/My_Passport/MOODLE/P4_Networking/Compiler_design/p4_to_rtl/generated/fiveTuple/board/de2115_fiveTuple_top.sv Line: 153
Info (12128): Elaborating entity "fiveTuple_top" for hierarchy "fiveTuple_selftest_top:u_pipeline|fiveTuple_top:u_core" File: /media/nisitha/My_Passport/MOODLE/P4_Networking/Compiler_design/p4_to_rtl/generated/fiveTuple/fiveTuple_selftest_top.sv Line: 92
Warning (10230): Verilog HDL assignment warning at fiveTuple_top.sv(135): truncated value with size 32 to match size of target (14) File: /media/nisitha/My_Passport/MOODLE/P4_Networking/Compiler_design/p4_to_rtl/generated/fiveTuple/fiveTuple_top.sv Line: 135
Warning (10230): Verilog HDL assignment warning at fiveTuple_top.sv(190): truncated value with size 32 to match size of target (14) File: /media/nisitha/My_Passport/MOODLE/P4_Networking/Compiler_design/p4_to_rtl/generated/fiveTuple/fiveTuple_top.sv Line: 190
Warning (10230): Verilog HDL assignment warning at fiveTuple_top.sv(191): truncated value with size 32 to match size of target (14) File: /media/nisitha/My_Passport/MOODLE/P4_Networking/Compiler_design/p4_to_rtl/generated/fiveTuple/fiveTuple_top.sv Line: 191
Warning (10230): Verilog HDL assignment warning at fiveTuple_top.sv(192): truncated value with size 32 to match size of target (14) File: /media/nisitha/My_Passport/MOODLE/P4_Networking/Compiler_design/p4_to_rtl/generated/fiveTuple/fiveTuple_top.sv Line: 192
Warning (10230): Verilog HDL assignment warning at fiveTuple_top.sv(193): truncated value with size 32 to match size of target (14) File: /media/nisitha/My_Passport/MOODLE/P4_Networking/Compiler_design/p4_to_rtl/generated/fiveTuple/fiveTuple_top.sv Line: 193
Warning (10230): Verilog HDL assignment warning at fiveTuple_top.sv(194): truncated value with size 32 to match size of target (14) File: /media/nisitha/My_Passport/MOODLE/P4_Networking/Compiler_design/p4_to_rtl/generated/fiveTuple/fiveTuple_top.sv Line: 194
Warning (10230): Verilog HDL assignment warning at fiveTuple_top.sv(195): truncated value with size 32 to match size of target (14) File: /media/nisitha/My_Passport/MOODLE/P4_Networking/Compiler_design/p4_to_rtl/generated/fiveTuple/fiveTuple_top.sv Line: 195
Warning (10230): Verilog HDL assignment warning at fiveTuple_top.sv(196): truncated value with size 32 to match size of target (14) File: /media/nisitha/My_Passport/MOODLE/P4_Networking/Compiler_design/p4_to_rtl/generated/fiveTuple/fiveTuple_top.sv Line: 196
Info (12128): Elaborating entity "processing_generated" for hierarchy "fiveTuple_selftest_top:u_pipeline|fiveTuple_top:u_core|processing_generated:u_proc" File: /media/nisitha/My_Passport/MOODLE/P4_Networking/Compiler_design/p4_to_rtl/generated/fiveTuple/fiveTuple_top.sv Line: 561
Warning (10036): Verilog HDL or VHDL warning at processing_generated.sv(504): object "table_key_dport__st2" assigned a value but never read File: /media/nisitha/My_Passport/MOODLE/P4_Networking/Compiler_design/p4_to_rtl/generated/fiveTuple/processing_generated.sv Line: 504
Warning (10036): Verilog HDL or VHDL warning at processing_generated.sv(505): object "table_key_sport__st2" assigned a value but never read File: /media/nisitha/My_Passport/MOODLE/P4_Networking/Compiler_design/p4_to_rtl/generated/fiveTuple/processing_generated.sv Line: 505
Warning (10036): Verilog HDL or VHDL warning at processing_generated.sv(506): object "eth_valid__st2" assigned a value but never read File: /media/nisitha/My_Passport/MOODLE/P4_Networking/Compiler_design/p4_to_rtl/generated/fiveTuple/processing_generated.sv Line: 506
Warning (10036): Verilog HDL or VHDL warning at processing_generated.sv(507): object "new_vlan_valid__st2" assigned a value but never read File: /media/nisitha/My_Passport/MOODLE/P4_Networking/Compiler_design/p4_to_rtl/generated/fiveTuple/processing_generated.sv Line: 507
Warning (10036): Verilog HDL or VHDL warning at processing_generated.sv(509): object "ipv4_valid__st2" assigned a value but never read File: /media/nisitha/My_Passport/MOODLE/P4_Networking/Compiler_design/p4_to_rtl/generated/fiveTuple/processing_generated.sv Line: 509
Warning (10036): Verilog HDL or VHDL warning at processing_generated.sv(510): object "ipv4opt_valid__st2" assigned a value but never read File: /media/nisitha/My_Passport/MOODLE/P4_Networking/Compiler_design/p4_to_rtl/generated/fiveTuple/processing_generated.sv Line: 510
Warning (10036): Verilog HDL or VHDL warning at processing_generated.sv(511): object "tcp_valid__st2" assigned a value but never read File: /media/nisitha/My_Passport/MOODLE/P4_Networking/Compiler_design/p4_to_rtl/generated/fiveTuple/processing_generated.sv Line: 511
Warning (10036): Verilog HDL or VHDL warning at processing_generated.sv(512): object "tcpopt_valid__st2" assigned a value but never read File: /media/nisitha/My_Passport/MOODLE/P4_Networking/Compiler_design/p4_to_rtl/generated/fiveTuple/processing_generated.sv Line: 512
Warning (10036): Verilog HDL or VHDL warning at processing_generated.sv(513): object "udp_valid__st2" assigned a value but never read File: /media/nisitha/My_Passport/MOODLE/P4_Networking/Compiler_design/p4_to_rtl/generated/fiveTuple/processing_generated.sv Line: 513
Warning (10036): Verilog HDL or VHDL warning at processing_generated.sv(514): object "eth_dmac__st2" assigned a value but never read File: /media/nisitha/My_Passport/MOODLE/P4_Networking/Compiler_design/p4_to_rtl/generated/fiveTuple/processing_generated.sv Line: 514
Warning (10036): Verilog HDL or VHDL warning at processing_generated.sv(515): object "eth_smac__st2" assigned a value but never read File: /media/nisitha/My_Passport/MOODLE/P4_Networking/Compiler_design/p4_to_rtl/generated/fiveTuple/processing_generated.sv Line: 515
Warning (10036): Verilog HDL or VHDL warning at processing_generated.sv(517): object "new_vlan_pcp__st2" assigned a value but never read File: /media/nisitha/My_Passport/MOODLE/P4_Networking/Compiler_design/p4_to_rtl/generated/fiveTuple/processing_generated.sv Line: 517
Warning (10036): Verilog HDL or VHDL warning at processing_generated.sv(518): object "new_vlan_cfi__st2" assigned a value but never read File: /media/nisitha/My_Passport/MOODLE/P4_Networking/Compiler_design/p4_to_rtl/generated/fiveTuple/processing_generated.sv Line: 518
Warning (10036): Verilog HDL or VHDL warning at processing_generated.sv(519): object "new_vlan_vid__st2" assigned a value but never read File: /media/nisitha/My_Passport/MOODLE/P4_Networking/Compiler_design/p4_to_rtl/generated/fiveTuple/processing_generated.sv Line: 519
Warning (10036): Verilog HDL or VHDL warning at processing_generated.sv(520): object "new_vlan_tpid__st2" assigned a value but never read File: /media/nisitha/My_Passport/MOODLE/P4_Networking/Compiler_design/p4_to_rtl/generated/fiveTuple/processing_generated.sv Line: 520
Warning (10036): Verilog HDL or VHDL warning at processing_generated.sv(521): object "vlan_pcp__st2" assigned a value but never read File: /media/nisitha/My_Passport/MOODLE/P4_Networking/Compiler_design/p4_to_rtl/generated/fiveTuple/processing_generated.sv Line: 521
Warning (10036): Verilog HDL or VHDL warning at processing_generated.sv(522): object "vlan_cfi__st2" assigned a value but never read File: /media/nisitha/My_Passport/MOODLE/P4_Networking/Compiler_design/p4_to_rtl/generated/fiveTuple/processing_generated.sv Line: 522
Warning (10036): Verilog HDL or VHDL warning at processing_generated.sv(523): object "vlan_vid__st2" assigned a value but never read File: /media/nisitha/My_Passport/MOODLE/P4_Networking/Compiler_design/p4_to_rtl/generated/fiveTuple/processing_generated.sv Line: 523
Warning (10036): Verilog HDL or VHDL warning at processing_generated.sv(524): object "vlan_tpid__st2" assigned a value but never read File: /media/nisitha/My_Passport/MOODLE/P4_Networking/Compiler_design/p4_to_rtl/generated/fiveTuple/processing_generated.sv Line: 524
Warning (10036): Verilog HDL or VHDL warning at processing_generated.sv(525): object "ipv4_version__st2" assigned a value but never read File: /media/nisitha/My_Passport/MOODLE/P4_Networking/Compiler_design/p4_to_rtl/generated/fiveTuple/processing_generated.sv Line: 525
Warning (10036): Verilog HDL or VHDL warning at processing_generated.sv(526): object "ipv4_hdr_len__st2" assigned a value but never read File: /media/nisitha/My_Passport/MOODLE/P4_Networking/Compiler_design/p4_to_rtl/generated/fiveTuple/processing_generated.sv Line: 526
Warning (10036): Verilog HDL or VHDL warning at processing_generated.sv(527): object "ipv4_tos__st2" assigned a value but never read File: /media/nisitha/My_Passport/MOODLE/P4_Networking/Compiler_design/p4_to_rtl/generated/fiveTuple/processing_generated.sv Line: 527
Warning (10036): Verilog HDL or VHDL warning at processing_generated.sv(528): object "ipv4_length__st2" assigned a value but never read File: /media/nisitha/My_Passport/MOODLE/P4_Networking/Compiler_design/p4_to_rtl/generated/fiveTuple/processing_generated.sv Line: 528
Warning (10036): Verilog HDL or VHDL warning at processing_generated.sv(529): object "ipv4_id__st2" assigned a value but never read File: /media/nisitha/My_Passport/MOODLE/P4_Networking/Compiler_design/p4_to_rtl/generated/fiveTuple/processing_generated.sv Line: 529
Warning (10036): Verilog HDL or VHDL warning at processing_generated.sv(530): object "ipv4_flags__st2" assigned a value but never read File: /media/nisitha/My_Passport/MOODLE/P4_Networking/Compiler_design/p4_to_rtl/generated/fiveTuple/processing_generated.sv Line: 530
Warning (10036): Verilog HDL or VHDL warning at processing_generated.sv(531): object "ipv4_offset__st2" assigned a value but never read File: /media/nisitha/My_Passport/MOODLE/P4_Networking/Compiler_design/p4_to_rtl/generated/fiveTuple/processing_generated.sv Line: 531
Warning (10036): Verilog HDL or VHDL warning at processing_generated.sv(532): object "ipv4_ttl__st2" assigned a value but never read File: /media/nisitha/My_Passport/MOODLE/P4_Networking/Compiler_design/p4_to_rtl/generated/fiveTuple/processing_generated.sv Line: 532
Warning (10036): Verilog HDL or VHDL warning at processing_generated.sv(533): object "ipv4_protocol__st2" assigned a value but never read File: /media/nisitha/My_Passport/MOODLE/P4_Networking/Compiler_design/p4_to_rtl/generated/fiveTuple/processing_generated.sv Line: 533
Warning (10036): Verilog HDL or VHDL warning at processing_generated.sv(534): object "ipv4_hdr_chk__st2" assigned a value but never read File: /media/nisitha/My_Passport/MOODLE/P4_Networking/Compiler_design/p4_to_rtl/generated/fiveTuple/processing_generated.sv Line: 534
Warning (10036): Verilog HDL or VHDL warning at processing_generated.sv(535): object "ipv4_src__st2" assigned a value but never read File: /media/nisitha/My_Passport/MOODLE/P4_Networking/Compiler_design/p4_to_rtl/generated/fiveTuple/processing_generated.sv Line: 535
Warning (10036): Verilog HDL or VHDL warning at processing_generated.sv(536): object "ipv4_dst__st2" assigned a value but never read File: /media/nisitha/My_Passport/MOODLE/P4_Networking/Compiler_design/p4_to_rtl/generated/fiveTuple/processing_generated.sv Line: 536
Warning (10036): Verilog HDL or VHDL warning at processing_generated.sv(537): object "ipv4opt_options__st2" assigned a value but never read File: /media/nisitha/My_Passport/MOODLE/P4_Networking/Compiler_design/p4_to_rtl/generated/fiveTuple/processing_generated.sv Line: 537
Warning (10036): Verilog HDL or VHDL warning at processing_generated.sv(538): object "tcp_src_port__st2" assigned a value but never read File: /media/nisitha/My_Passport/MOODLE/P4_Networking/Compiler_design/p4_to_rtl/generated/fiveTuple/processing_generated.sv Line: 538
Warning (10036): Verilog HDL or VHDL warning at processing_generated.sv(539): object "tcp_dst_port__st2" assigned a value but never read File: /media/nisitha/My_Passport/MOODLE/P4_Networking/Compiler_design/p4_to_rtl/generated/fiveTuple/processing_generated.sv Line: 539
Warning (10036): Verilog HDL or VHDL warning at processing_generated.sv(540): object "tcp_seqNum__st2" assigned a value but never read File: /media/nisitha/My_Passport/MOODLE/P4_Networking/Compiler_design/p4_to_rtl/generated/fiveTuple/processing_generated.sv Line: 540
Warning (10036): Verilog HDL or VHDL warning at processing_generated.sv(541): object "tcp_ackNum__st2" assigned a value but never read File: /media/nisitha/My_Passport/MOODLE/P4_Networking/Compiler_design/p4_to_rtl/generated/fiveTuple/processing_generated.sv Line: 541
Warning (10036): Verilog HDL or VHDL warning at processing_generated.sv(542): object "tcp_dataOffset__st2" assigned a value but never read File: /media/nisitha/My_Passport/MOODLE/P4_Networking/Compiler_design/p4_to_rtl/generated/fiveTuple/processing_generated.sv Line: 542
Warning (10036): Verilog HDL or VHDL warning at processing_generated.sv(543): object "tcp_resv__st2" assigned a value but never read File: /media/nisitha/My_Passport/MOODLE/P4_Networking/Compiler_design/p4_to_rtl/generated/fiveTuple/processing_generated.sv Line: 543
Warning (10036): Verilog HDL or VHDL warning at processing_generated.sv(544): object "tcp_flags__st2" assigned a value but never read File: /media/nisitha/My_Passport/MOODLE/P4_Networking/Compiler_design/p4_to_rtl/generated/fiveTuple/processing_generated.sv Line: 544
Warning (10036): Verilog HDL or VHDL warning at processing_generated.sv(545): object "tcp_window__st2" assigned a value but never read File: /media/nisitha/My_Passport/MOODLE/P4_Networking/Compiler_design/p4_to_rtl/generated/fiveTuple/processing_generated.sv Line: 545
Warning (10036): Verilog HDL or VHDL warning at processing_generated.sv(546): object "tcp_checksum__st2" assigned a value but never read File: /media/nisitha/My_Passport/MOODLE/P4_Networking/Compiler_design/p4_to_rtl/generated/fiveTuple/processing_generated.sv Line: 546
Warning (10036): Verilog HDL or VHDL warning at processing_generated.sv(547): object "tcp_urgPtr__st2" assigned a value but never read File: /media/nisitha/My_Passport/MOODLE/P4_Networking/Compiler_design/p4_to_rtl/generated/fiveTuple/processing_generated.sv Line: 547
Warning (10036): Verilog HDL or VHDL warning at processing_generated.sv(548): object "tcpopt_options__st2" assigned a value but never read File: /media/nisitha/My_Passport/MOODLE/P4_Networking/Compiler_design/p4_to_rtl/generated/fiveTuple/processing_generated.sv Line: 548
Warning (10036): Verilog HDL or VHDL warning at processing_generated.sv(549): object "udp_src_port__st2" assigned a value but never read File: /media/nisitha/My_Passport/MOODLE/P4_Networking/Compiler_design/p4_to_rtl/generated/fiveTuple/processing_generated.sv Line: 549
Warning (10036): Verilog HDL or VHDL warning at processing_generated.sv(550): object "udp_dst_port__st2" assigned a value but never read File: /media/nisitha/My_Passport/MOODLE/P4_Networking/Compiler_design/p4_to_rtl/generated/fiveTuple/processing_generated.sv Line: 550
Warning (10036): Verilog HDL or VHDL warning at processing_generated.sv(551): object "udp_length__st2" assigned a value but never read File: /media/nisitha/My_Passport/MOODLE/P4_Networking/Compiler_design/p4_to_rtl/generated/fiveTuple/processing_generated.sv Line: 551
Warning (10036): Verilog HDL or VHDL warning at processing_generated.sv(552): object "udp_checksum__st2" assigned a value but never read File: /media/nisitha/My_Passport/MOODLE/P4_Networking/Compiler_design/p4_to_rtl/generated/fiveTuple/processing_generated.sv Line: 552
Info (12128): Elaborating entity "FiveTuple_table" for hierarchy "fiveTuple_selftest_top:u_pipeline|fiveTuple_top:u_core|processing_generated:u_proc|FiveTuple_table:u_FiveTuple" File: /media/nisitha/My_Passport/MOODLE/P4_Networking/Compiler_design/p4_to_rtl/generated/fiveTuple/processing_generated.sv Line: 603
Error (10106): Verilog HDL Loop error at FiveTuple_table.sv(73): loop must terminate within 5000 iterations File: /media/nisitha/My_Passport/MOODLE/P4_Networking/Compiler_design/p4_to_rtl/generated/fiveTuple/FiveTuple_table.sv Line: 73
Error (12152): Can't elaborate user hierarchy "fiveTuple_selftest_top:u_pipeline|fiveTuple_top:u_core|processing_generated:u_proc|FiveTuple_table:u_FiveTuple" File: /media/nisitha/My_Passport/MOODLE/P4_Networking/Compiler_design/p4_to_rtl/generated/fiveTuple/processing_generated.sv Line: 603
Info (144001): Generated suppressed messages file /media/nisitha/My_Passport/MOODLE/P4_Networking/Compiler_design/quartus_setup/de2_115_setup/output_files/de2_115_setup.map.smsg
Error: Quartus Prime Analysis & Synthesis was unsuccessful. 2 errors, 59 warnings
    Error: Peak virtual memory: 11727 megabytes
    Error: Processing ended: Wed Aug 26 18:18:04 2026
    Error: Elapsed time: 00:01:51
    Error: Total CPU time (on all processors): 00:02:09


+------------------------------------------+
; Analysis & Synthesis Suppressed Messages ;
+------------------------------------------+
The suppressed messages can be found in /media/nisitha/My_Passport/MOODLE/P4_Networking/Compiler_design/quartus_setup/de2_115_setup/output_files/de2_115_setup.map.smsg.


