Info: Starting: Create block symbol file (.bsf)
Info: qsys-generate /media/nisitha/My_Passport/MOODLE/P4_Networking/Compiler_design/quartus_setup/de2_115_setup/jtag_to_avalon_mst_brg_01.qsys --block-symbol-file --output-directory=/media/nisitha/My_Passport/MOODLE/P4_Networking/Compiler_design/quartus_setup/de2_115_setup/jtag_to_avalon_mst_brg_01 --family="Cyclone IV E" --part=EP4CE115F29C7
Progress: Loading de2_115_setup/jtag_to_avalon_mst_brg_01.qsys
Progress: Reading input file
Progress: Adding master_0 [altera_jtag_avalon_master 25.1]
Progress: Parameterizing module master_0
Progress: Building connections
Progress: Parameterizing connections
Progress: Validating
Progress: Done reading input file
Info: qsys-generate succeeded.
Info: Finished: Create block symbol file (.bsf)
Info: 
Info: Starting: Create HDL design files for synthesis
Info: qsys-generate /media/nisitha/My_Passport/MOODLE/P4_Networking/Compiler_design/quartus_setup/de2_115_setup/jtag_to_avalon_mst_brg_01.qsys --synthesis=VERILOG --output-directory=/media/nisitha/My_Passport/MOODLE/P4_Networking/Compiler_design/quartus_setup/de2_115_setup/jtag_to_avalon_mst_brg_01/synthesis --family="Cyclone IV E" --part=EP4CE115F29C7
Progress: Loading de2_115_setup/jtag_to_avalon_mst_brg_01.qsys
Progress: Reading input file
Progress: Adding master_0 [altera_jtag_avalon_master 25.1]
Progress: Parameterizing module master_0
Progress: Building connections
Progress: Parameterizing connections
Progress: Validating
Progress: Done reading input file
Info: jtag_to_avalon_mst_brg_01: Generating "jtag_to_avalon_mst_brg_01" for QUARTUS_SYNTH
Info: master_0: "jtag_to_avalon_mst_brg_01" instantiated altera_jtag_avalon_master "master_0"
Info: jtag_phy_embedded_in_jtag_master: "master_0" instantiated altera_jtag_dc_streaming "jtag_phy_embedded_in_jtag_master"
Info: timing_adt: "master_0" instantiated timing_adapter "timing_adt"
Info: fifo: "master_0" instantiated altera_avalon_sc_fifo "fifo"
Info: b2p: "master_0" instantiated altera_avalon_st_bytes_to_packets "b2p"
Info: p2b: "master_0" instantiated altera_avalon_st_packets_to_bytes "p2b"
Info: transacto: "master_0" instantiated altera_avalon_packets_to_master "transacto"
Info: b2p_adapter: "master_0" instantiated channel_adapter "b2p_adapter"
Info: p2b_adapter: "master_0" instantiated channel_adapter "p2b_adapter"
Info: rst_controller: "master_0" instantiated altera_reset_controller "rst_controller"
Info: jtag_to_avalon_mst_brg_01: Done "jtag_to_avalon_mst_brg_01" with 11 modules, 23 files
Info: qsys-generate succeeded.
Info: Finished: Create HDL design files for synthesis
